Archive member included to satisfy reference by file (symbol)

/Applications/MCUXpressoIDE_11.9.0_2144/ide/plugins/com.nxp.mcuxpresso.tools.macosx_11.9.0.202307121226/tools/bin/../lib/gcc/arm-none-eabi/12.3.1/../../../../arm-none-eabi/lib/thumb/v7e-m+fp/hard/libcr_nohost_nf.a(_cr__main.o)
                              ./startup/startup_mk64f12.o (__main)
/Applications/MCUXpressoIDE_11.9.0_2144/ide/plugins/com.nxp.mcuxpresso.tools.macosx_11.9.0.202307121226/tools/bin/../lib/gcc/arm-none-eabi/12.3.1/../../../../arm-none-eabi/lib/thumb/v7e-m+fp/hard/libcr_nohost_nf.a(_cr_assert.o)
                              ./source/PIT.o (__assertion_failed)
/Applications/MCUXpressoIDE_11.9.0_2144/ide/plugins/com.nxp.mcuxpresso.tools.macosx_11.9.0.202307121226/tools/bin/../lib/gcc/arm-none-eabi/12.3.1/../../../../arm-none-eabi/lib/thumb/v7e-m+fp/hard/libcr_nohost_nf.a(__ciob.o)
                              /Applications/MCUXpressoIDE_11.9.0_2144/ide/plugins/com.nxp.mcuxpresso.tools.macosx_11.9.0.202307121226/tools/bin/../lib/gcc/arm-none-eabi/12.3.1/../../../../arm-none-eabi/lib/thumb/v7e-m+fp/hard/libcr_nohost_nf.a(_cr_assert.o) (__Ciob)
/Applications/MCUXpressoIDE_11.9.0_2144/ide/plugins/com.nxp.mcuxpresso.tools.macosx_11.9.0.202307121226/tools/bin/../lib/gcc/arm-none-eabi/12.3.1/../../../../arm-none-eabi/lib/thumb/v7e-m+fp/hard/libcr_nohost_nf.a(__sys_appexit.o)
                              /Applications/MCUXpressoIDE_11.9.0_2144/ide/plugins/com.nxp.mcuxpresso.tools.macosx_11.9.0.202307121226/tools/bin/../lib/gcc/arm-none-eabi/12.3.1/../../../../arm-none-eabi/lib/thumb/v7e-m+fp/hard/libcr_nohost_nf.a(_cr_assert.o) (__sys_appexit)
/Applications/MCUXpressoIDE_11.9.0_2144/ide/plugins/com.nxp.mcuxpresso.tools.macosx_11.9.0.202307121226/tools/bin/../lib/gcc/arm-none-eabi/12.3.1/../../../../arm-none-eabi/lib/thumb/v7e-m+fp/hard/libcr_c.a(memcpy.o)
                              ./utilities/fsl_str.o (memcpy)
/Applications/MCUXpressoIDE_11.9.0_2144/ide/plugins/com.nxp.mcuxpresso.tools.macosx_11.9.0.202307121226/tools/bin/../lib/gcc/arm-none-eabi/12.3.1/../../../../arm-none-eabi/lib/thumb/v7e-m+fp/hard/libcr_c.a(memset.o)
                              ./utilities/fsl_debug_console.o (memset)
/Applications/MCUXpressoIDE_11.9.0_2144/ide/plugins/com.nxp.mcuxpresso.tools.macosx_11.9.0.202307121226/tools/bin/../lib/gcc/arm-none-eabi/12.3.1/../../../../arm-none-eabi/lib/thumb/v7e-m+fp/hard/libcr_c.a(_deferredlazyseek.o)
                              /Applications/MCUXpressoIDE_11.9.0_2144/ide/plugins/com.nxp.mcuxpresso.tools.macosx_11.9.0.202307121226/tools/bin/../lib/gcc/arm-none-eabi/12.3.1/../../../../arm-none-eabi/lib/thumb/v7e-m+fp/hard/libcr_nohost_nf.a(_cr_assert.o) (__flsbuf)
/Applications/MCUXpressoIDE_11.9.0_2144/ide/plugins/com.nxp.mcuxpresso.tools.macosx_11.9.0.202307121226/tools/bin/../lib/gcc/arm-none-eabi/12.3.1/../../../../arm-none-eabi/lib/thumb/v7e-m+fp/hard/libcr_c.a(_fflush.o)
                              /Applications/MCUXpressoIDE_11.9.0_2144/ide/plugins/com.nxp.mcuxpresso.tools.macosx_11.9.0.202307121226/tools/bin/../lib/gcc/arm-none-eabi/12.3.1/../../../../arm-none-eabi/lib/thumb/v7e-m+fp/hard/libcr_c.a(_deferredlazyseek.o) (_fflush)
/Applications/MCUXpressoIDE_11.9.0_2144/ide/plugins/com.nxp.mcuxpresso.tools.macosx_11.9.0.202307121226/tools/bin/../lib/gcc/arm-none-eabi/12.3.1/../../../../arm-none-eabi/lib/thumb/v7e-m+fp/hard/libcr_c.a(_writebuf.o)
                              /Applications/MCUXpressoIDE_11.9.0_2144/ide/plugins/com.nxp.mcuxpresso.tools.macosx_11.9.0.202307121226/tools/bin/../lib/gcc/arm-none-eabi/12.3.1/../../../../arm-none-eabi/lib/thumb/v7e-m+fp/hard/libcr_c.a(_deferredlazyseek.o) (_Cwritebuf)
/Applications/MCUXpressoIDE_11.9.0_2144/ide/plugins/com.nxp.mcuxpresso.tools.macosx_11.9.0.202307121226/tools/bin/../lib/gcc/arm-none-eabi/12.3.1/../../../../arm-none-eabi/lib/thumb/v7e-m+fp/hard/libcr_c.a(alloc.o)
                              ./drivers/fsl_common.o (malloc)
/Applications/MCUXpressoIDE_11.9.0_2144/ide/plugins/com.nxp.mcuxpresso.tools.macosx_11.9.0.202307121226/tools/bin/../lib/gcc/arm-none-eabi/12.3.1/../../../../arm-none-eabi/lib/thumb/v7e-m+fp/hard/libcr_c.a(errno.o)
                              ./utilities/fsl_str.o (errno)
/Applications/MCUXpressoIDE_11.9.0_2144/ide/plugins/com.nxp.mcuxpresso.tools.macosx_11.9.0.202307121226/tools/bin/../lib/gcc/arm-none-eabi/12.3.1/../../../../arm-none-eabi/lib/thumb/v7e-m+fp/hard/libcr_c.a(fputs.o)
                              /Applications/MCUXpressoIDE_11.9.0_2144/ide/plugins/com.nxp.mcuxpresso.tools.macosx_11.9.0.202307121226/tools/bin/../lib/gcc/arm-none-eabi/12.3.1/../../../../arm-none-eabi/lib/thumb/v7e-m+fp/hard/libcr_nohost_nf.a(_cr_assert.o) (fputs)
/Applications/MCUXpressoIDE_11.9.0_2144/ide/plugins/com.nxp.mcuxpresso.tools.macosx_11.9.0.202307121226/tools/bin/../lib/gcc/arm-none-eabi/12.3.1/../../../../arm-none-eabi/lib/thumb/v7e-m+fp/hard/libcr_c.a(fseek.o)
[...]
Memory Configuration

Name             Origin             Length             Attributes
PROGRAM_FLASH    0x00000000         0x00100000         xr
SRAM_UPPER       0x20000000         0x00030000         xrw
SRAM_LOWER       0x1fff0000         0x00010000         xrw
FLEX_RAM         0x14000000         0x00001000         xrw
*default*        0x00000000         0xffffffff

Linker script and memory map

LOAD ./utilities/fsl_debug_console.o
LOAD ./utilities/fsl_str.o
LOAD ./startup/startup_mk64f12.o
LOAD ./source/ImageDisplay.o
LOAD ./source/LCD_nokia.o
LOAD ./source/LCD_nokia_images.o
LOAD ./source/Memory.o
LOAD ./source/NVIC.o
LOAD ./source/PIT.o
LOAD ./source/SPI.o
LOAD ./source/main.o
LOAD ./drivers/fsl_adc16.o
LOAD ./drivers/fsl_clock.o
LOAD ./drivers/fsl_cmp.o
LOAD ./drivers/fsl_cmt.o
LOAD ./drivers/fsl_common.o
LOAD ./drivers/fsl_common_arm.o
LOAD ./drivers/fsl_crc.o
LOAD ./drivers/fsl_dac.o
LOAD ./drivers/fsl_dmamux.o
LOAD ./drivers/fsl_dspi.o
LOAD ./drivers/fsl_dspi_edma.o
LOAD ./drivers/fsl_edma.o
LOAD ./drivers/fsl_enet.o
LOAD ./drivers/fsl_ewm.o
LOAD ./drivers/fsl_flexbus.o
LOAD ./drivers/fsl_flexcan.o
LOAD ./drivers/fsl_ftfx_cache.o
LOAD ./drivers/fsl_ftfx_controller.o
LOAD ./drivers/fsl_ftfx_flash.o
LOAD ./drivers/fsl_ftfx_flexnvm.o
LOAD ./drivers/fsl_ftm.o
LOAD ./drivers/fsl_gpio.o
LOAD ./drivers/fsl_i2c.o
LOAD ./drivers/fsl_i2c_edma.o
LOAD ./drivers/fsl_llwu.o
LOAD ./drivers/fsl_lptmr.o
LOAD ./drivers/fsl_pdb.o
LOAD ./drivers/fsl_pit.o
LOAD ./drivers/fsl_pmc.o
LOAD ./drivers/fsl_rcm.o
LOAD ./drivers/fsl_rnga.o
LOAD ./drivers/fsl_rtc.o
LOAD ./drivers/fsl_sai.o
LOAD ./drivers/fsl_sai_edma.o
LOAD ./drivers/fsl_sdhc.o
LOAD ./drivers/fsl_sim.o
LOAD ./drivers/fsl_smc.o
LOAD ./drivers/fsl_sysmpu.o
LOAD ./drivers/fsl_uart.o
LOAD ./drivers/fsl_uart_edma.o
LOAD ./drivers/fsl_vref.o
LOAD ./drivers/fsl_wdog.o
LOAD ./device/system_MK64F12.o
LOAD ./component/uart/fsl_adapter_uart.o
LOAD ./component/serial_manager/fsl_component_serial_manager.o
LOAD ./component/serial_manager/fsl_component_serial_port_uart.o
LOAD ./component/lists/fsl_component_generic_list.o
LOAD ./board/board.o
LOAD ./board/clock_config.o
LOAD ./board/peripherals.o
LOAD ./board/pin_mux.o
START GROUP
LOAD /Applications/MCUXpressoIDE_11.9.0_2144/ide/plugins/com.nxp.mcuxpresso.tools.macosx_11.9.0.202307121226/tools/bin/../lib/gcc/arm-none-eabi/12.3.1/../../../../arm-none-eabi/lib/thumb/v7e-m+fp/hard/libcr_nohost_nf.a
LOAD /Applications/MCUXpressoIDE_11.9.0_2144/ide/plugins/com.nxp.mcuxpresso.tools.macosx_11.9.0.202307121226/tools/bin/../lib/gcc/arm-none-eabi/12.3.1/../../../../arm-none-eabi/lib/thumb/v7e-m+fp/hard/libcr_c.a
LOAD /Applications/MCUXpressoIDE_11.9.0_2144/ide/plugins/com.nxp.mcuxpresso.tools.macosx_11.9.0.202307121226/tools/bin/../lib/gcc/arm-none-eabi/12.3.1/thumb/v7e-m+fp/hard/libcr_eabihelpers.a
LOAD /Applications/MCUXpressoIDE_11.9.0_2144/ide/plugins/com.nxp.mcuxpresso.tools.macosx_11.9.0.202307121226/tools/bin/../lib/gcc/arm-none-eabi/12.3.1/thumb/v7e-m+fp/hard/libgcc.a
END GROUP
                0x00000000                        __base_PROGRAM_FLASH = 0x0
                0x00000000                        __base_Flash = 0x0
                0x00100000                        __top_PROGRAM_FLASH = 0x100000
                0x00100000                        __top_Flash = 0x100000
                0x20000000                        __base_SRAM_UPPER = 0x20000000
                0x20000000                        __base_RAM = 0x20000000
                0x20030000                        __top_SRAM_UPPER = 0x20030000
                0x20030000                        __top_RAM = 0x20030000
                0x1fff0000                        __base_SRAM_LOWER = 0x1fff0000
                0x1fff0000                        __base_RAM2 = 0x1fff0000
                0x20000000                        __top_SRAM_LOWER = 0x20000000
                0x20000000                        __top_RAM2 = 0x20000000
                0x14000000                        __base_FLEX_RAM = 0x14000000
                0x14000000                        __base_RAM3 = 0x14000000
                0x14001000                        __top_FLEX_RAM = 0x14001000
                0x14001000                        __top_RAM3 = 0x14001000

.text           0x00000000     0x3f58
 FILL mask 0xff
                0x00000000                        __vectors_start__ = ABSOLUTE (.)
 *(SORT_BY_ALIGNMENT(.isr_vector))
 .isr_vector    0x00000000      0x198 ./startup/startup_mk64f12.o
                0x00000000                __Vectors
                0x00000000                g_pfnVectors
                0x00000198                        . = ALIGN (0x4)
                0x00000198                        __section_table_start = .
                0x00000198                        __data_section_table = .
                0x00000198        0x4 LONG 0x3f58 LOADADDR (.data)
                0x0000019c        0x4 LONG 0x20000000 ADDR (.data)
                0x000001a0        0x4 LONG 0x20 SIZEOF (.data)
                0x000001a4        0x4 LONG 0x3f58 LOADADDR (.data_RAM2)
                0x000001a8        0x4 LONG 0x1fff0000 ADDR (.data_RAM2)
                0x000001ac        0x4 LONG 0x0 SIZEOF (.data_RAM2)
                0x000001b0        0x4 LONG 0x3f58 LOADADDR (.data_RAM3)
                0x000001b4        0x4 LONG 0x14000000 ADDR (.data_RAM3)
                0x000001b8        0x4 LONG 0x0 SIZEOF (.data_RAM3)
                0x000001bc                        __data_section_table_end = .
                0x000001bc                        __bss_section_table = .
                0x000001bc        0x4 LONG 0x20000020 ADDR (.bss)
                0x000001c0        0x4 LONG 0x968 SIZEOF (.bss)
                0x000001c4        0x4 LONG 0x1fff0000 ADDR (.bss_RAM2)
                0x000001c8        0x4 LONG 0x0 SIZEOF (.bss_RAM2)
                0x000001cc        0x4 LONG 0x14000000 ADDR (.bss_RAM3)
                0x000001d0        0x4 LONG 0x0 SIZEOF (.bss_RAM3)
                0x000001d4                        __bss_section_table_end = .
                0x000001d4                        __section_table_end = .
 *(SORT_BY_ALIGNMENT(.after_vectors*))
 .after_vectors.reset
                0x000001d4       0x4c ./startup/startup_mk64f12.o
                0x000001d4                ResetISR
 .after_vectors.init_data
                0x00000220       0x1e ./startup/startup_mk64f12.o
                0x00000220                data_init
 .after_vectors.init_bss
                0x0000023e       0x12 ./startup/startup_mk64f12.o
                0x0000023e                bss_init
 .after_vectors
                0x00000250       0x14 ./startup/startup_mk64f12.o
                0x00000250                NMI_Handler
                0x00000252                HardFault_Handler
                0x00000254                MemManage_Handler
                0x00000256                BusFault_Handler
                0x00000258                UsageFault_Handler
                0x0000025a                SVC_Handler
                0x0000025c                DebugMon_Handler
                0x0000025e                PendSV_Handler
                0x00000260                SysTick_Handler
                0x00000262                MCM_DriverIRQHandler
                0x00000262                MCG_DriverIRQHandler
                0x00000262                DAC1_DriverIRQHandler
                0x00000262                CMP1_DriverIRQHandler
                0x00000262                FTM0_DriverIRQHandler
                0x00000262                IntDefaultHandler
                0x00000262                USB0_DriverIRQHandler
                0x00000262                UART5_ERR_DriverIRQHandler
                0x00000262                PORTC_DriverIRQHandler
                0x00000262                DAC0_DriverIRQHandler
                0x00000262                CMP2_DriverIRQHandler
                0x00000262                UART2_ERR_DriverIRQHandler
                0x00000262                LVD_LVW_DriverIRQHandler
                0x00000262                PIT0_DriverIRQHandler
                0x00000262                RNG_DriverIRQHandler
                0x00000262                USBDCD_DriverIRQHandler
                0x00000262                UART3_ERR_DriverIRQHandler
                0x00000262                UART0_ERR_DriverIRQHandler
                0x00000262                CMT_DriverIRQHandler
                0x00000262                Reserved71_DriverIRQHandler
                0x00000262                ADC1_DriverIRQHandler
                0x00000262                PORTA_DriverIRQHandler
                0x00000262                PIT3_DriverIRQHandler
                0x00000262                PIT1_DriverIRQHandler
                0x00000262                WDOG_EWM_DriverIRQHandler
                0x00000262                PDB0_DriverIRQHandler
                0x00000262                RTC_DriverIRQHandler
                0x00000262                Read_Collision_DriverIRQHandler
                0x00000262                SWI_DriverIRQHandler
                0x00000262                UART4_ERR_DriverIRQHandler
                0x00000262                UART0_LON_DriverIRQHandler
                0x00000262                ADC0_DriverIRQHandler
                0x00000262                CMP0_DriverIRQHandler
                0x00000262                FTM3_DriverIRQHandler
                0x00000262                UART1_ERR_DriverIRQHandler
                0x00000262                PORTD_DriverIRQHandler
                0x00000262                PORTE_DriverIRQHandler
                0x00000262                FTFE_DriverIRQHandler
                0x00000262                PORTB_DriverIRQHandler
                0x00000262                LPTMR0_DriverIRQHandler
                0x00000262                DMA_Error_DriverIRQHandler
                0x00000262                FTM1_DriverIRQHandler
                0x00000262                FTM2_DriverIRQHandler
                0x00000262                PIT2_DriverIRQHandler
                0x00000262                RTC_Seconds_DriverIRQHandler
                0x00000262                LLWU_DriverIRQHandler
                0x00000400                        . = 0x400
 *fill*         0x00000264      0x19c ff
                0x00000400                        PROVIDE (__FLASH_CONFIG_START__ = .)
 *(SORT_BY_ALIGNMENT(.FlashConfig))
 .FlashConfig   0x00000400       0x10 ./startup/startup_mk64f12.o
                0x00000400                Flash_Config
                0x00000410                        PROVIDE (__FLASH_CONFIG_END__ = .)
                0x00000001                        ASSERT (! ((__FLASH_CONFIG_START__ == __FLASH_CONFIG_END__)), Linker Flash Config Support Enabled, but no .FlashConfig section provided within application)
 *(SORT_BY_ALIGNMENT(.text*))
 .text.imageDisplaySequence
                0x00000410       0xe0 ./source/ImageDisplay.o
                0x00000410                imageDisplaySequence
 .text.LCD_nokia_init
                0x000004f0       0xa4 ./source/LCD_nokia.o
                0x000004f0                LCD_nokia_init
 .text.LCD_nokia_write_byte
                0x00000594       0x58 ./source/LCD_nokia.o
                0x00000594                LCD_nokia_write_byte
 .text.getITESO
                0x000005ec       0x14 ./source/LCD_nokia_images.o
                0x000005ec                getITESO
 .text.CLOCK_SetSimSafeDivs
                0x00000600       0x20 ./source/Memory.o
 .text.mem_read
                0x00000620       0x78 ./source/Memory.o
                0x00000620                mem_read
 .text.mem_config
                0x00000698       0xb8 ./source/Memory.o
                0x00000698                mem_config
 .text.__NVIC_EnableIRQ
                0x00000750       0x3c ./source/NVIC.o
 .text.__NVIC_SetPriority
                0x0000078c       0x54 ./source/NVIC.o
 .text.__NVIC_EnableIRQ
                0x000007e0       0x3c ./source/PIT.o
 .text.CLOCK_SetSimSafeDivs
                0x0000081c       0x20 ./source/PIT.o
 .text.PIT_GetDefaultConfig
                0x0000083c       0x28 ./source/PIT.o
 .text.PIT_SetTimerPeriod
                0x00000864       0x38 ./source/PIT.o
 .text.PIT0_IRQHandler
                0x0000089c       0x20 ./source/PIT.o
                0x0000089c                PIT0_IRQHandler
 .text.PIT0_init
                0x000008bc       0x90 ./source/PIT.o
                0x000008bc                PIT0_init
 .text.CLOCK_SetSimSafeDivs
                0x0000094c       0x20 ./source/SPI.o
 .text.SPI_config
                0x0000096c       0xcc ./source/SPI.o
                0x0000096c                SPI_config
 .text.CLOCK_GetMcgExtClkFreq
                0x00000a38       0x7c ./drivers/fsl_clock.o
 .text.CLOCK_GetFllExtRefClkFreq
                0x00000ab4       0xb0 ./drivers/fsl_clock.o
 .text.CLOCK_GetInternalRefClkSelectFreq
                0x00000b64       0x4c ./drivers/fsl_clock.o
 .text.CLOCK_GetFllRefClkFreq
                0x00000bb0       0x34 ./drivers/fsl_clock.o
 .text.CLOCK_GetOsc0ErClkFreq
                0x00000be4       0x44 ./drivers/fsl_clock.o
                0x00000be4                CLOCK_GetOsc0ErClkFreq
 .text.CLOCK_GetEr32kClkFreq
                0x00000c28       0x74 ./drivers/fsl_clock.o
                0x00000c28                CLOCK_GetEr32kClkFreq
 .text.CLOCK_GetPllFllSelClkFreq
                0x00000c9c       0x54 ./drivers/fsl_clock.o
                0x00000c9c                CLOCK_GetPllFllSelClkFreq
 .text.CLOCK_GetFreq
                0x00000cf0      0x140 ./drivers/fsl_clock.o
                0x00000cf0                CLOCK_GetFreq
 .text.CLOCK_GetOutClkFreq
                0x00000e30       0x64 ./drivers/fsl_clock.o
                0x00000e30                CLOCK_GetOutClkFreq
 .text.CLOCK_GetFllFreq
                0x00000e94       0x84 ./drivers/fsl_clock.o
                0x00000e94                CLOCK_GetFllFreq
 .text.CLOCK_GetInternalRefClkFreq
                0x00000f18       0x30 ./drivers/fsl_clock.o
                0x00000f18                CLOCK_GetInternalRefClkFreq
 .text.CLOCK_GetPll0Freq
                0x00000f48       0x78 ./drivers/fsl_clock.o
                0x00000f48                CLOCK_GetPll0Freq
 .text.DSPI_GetInstance
                0x00000fc0       0x4c ./drivers/fsl_dspi.o
                0x00000fc0                DSPI_GetInstance
 .text.DSPI_GetDummyDataInstance
                0x0000100c       0x24 ./drivers/fsl_dspi.o
                0x0000100c                DSPI_GetDummyDataInstance
 .text.DSPI_SetDummyData
                0x00001030       0x2c ./drivers/fsl_dspi.o
                0x00001030                DSPI_SetDummyData
 .text.DSPI_MasterInit
                0x0000105c      0x16c ./drivers/fsl_dspi.o
                0x0000105c                DSPI_MasterInit
 .text.DSPI_MasterSetBaudRate
                0x000011c8      0x12c ./drivers/fsl_dspi.o
                0x000011c8                DSPI_MasterSetBaudRate
 .text.DSPI_MasterSetDelayScaler
                0x000012f4       0xe8 ./drivers/fsl_dspi.o
                0x000012f4                DSPI_MasterSetDelayScaler
 .text.DSPI_MasterSetDelayTimes
                0x000013dc      0x130 ./drivers/fsl_dspi.o
                0x000013dc                DSPI_MasterSetDelayTimes
 .text.DSPI_MasterTransferBlocking
                0x0000150c      0x488 ./drivers/fsl_dspi.o
                0x0000150c                DSPI_MasterTransferBlocking
 .text.DSPI_MasterHalfDuplexTransferBlocking
                0x00001994       0xd0 ./drivers/fsl_dspi.o
                0x00001994                DSPI_MasterHalfDuplexTransferBlocking
 .text.DSPI_CommonIRQHandler
                0x00001a64       0x44 ./drivers/fsl_dspi.o
 .text.SPI0_DriverIRQHandler
                0x00001aa8       0x30 ./drivers/fsl_dspi.o
                0x00001aa8                SPI0_DriverIRQHandler
 .text.SPI1_DriverIRQHandler
                0x00001ad8       0x30 ./drivers/fsl_dspi.o
                0x00001ad8                SPI1_DriverIRQHandler
 .text.SPI2_DriverIRQHandler
                0x00001b08       0x30 ./drivers/fsl_dspi.o
                0x00001b08                SPI2_DriverIRQHandler
 .text.EDMA_HandleIRQ
                0x00001b38      0x1b0 ./drivers/fsl_edma.o
                0x00001b38                EDMA_HandleIRQ
 .text.DMA0_DriverIRQHandler
                0x00001ce8       0x1c ./drivers/fsl_edma.o
                0x00001ce8                DMA0_DriverIRQHandler
 .text.DMA1_DriverIRQHandler
                0x00001d04       0x1c ./drivers/fsl_edma.o
                0x00001d04                DMA1_DriverIRQHandler
 .text.DMA2_DriverIRQHandler
                0x00001d20       0x1c ./drivers/fsl_edma.o
                0x00001d20                DMA2_DriverIRQHandler
 .text.DMA3_DriverIRQHandler
                0x00001d3c       0x1c ./drivers/fsl_edma.o
                0x00001d3c                DMA3_DriverIRQHandler
 .text.DMA4_DriverIRQHandler
                0x00001d58       0x1c ./drivers/fsl_edma.o
                0x00001d58                DMA4_DriverIRQHandler
 .text.DMA5_DriverIRQHandler
                0x00001d74       0x1c ./drivers/fsl_edma.o
                0x00001d74                DMA5_DriverIRQHandler
 .text.DMA6_DriverIRQHandler
                0x00001d90       0x1c ./drivers/fsl_edma.o
                0x00001d90                DMA6_DriverIRQHandler
 .text.DMA7_DriverIRQHandler
                0x00001dac       0x1c ./drivers/fsl_edma.o
                0x00001dac                DMA7_DriverIRQHandler
 .text.DMA8_DriverIRQHandler
                0x00001dc8       0x1c ./drivers/fsl_edma.o
                0x00001dc8                DMA8_DriverIRQHandler
 .text.DMA9_DriverIRQHandler
                0x00001de4       0x1c ./drivers/fsl_edma.o
                0x00001de4                DMA9_DriverIRQHandler
 .text.DMA10_DriverIRQHandler
                0x00001e00       0x1c ./drivers/fsl_edma.o
                0x00001e00                DMA10_DriverIRQHandler
 .text.DMA11_DriverIRQHandler
                0x00001e1c       0x1c ./drivers/fsl_edma.o
                0x00001e1c                DMA11_DriverIRQHandler
 .text.DMA12_DriverIRQHandler
                0x00001e38       0x1c ./drivers/fsl_edma.o
                0x00001e38                DMA12_DriverIRQHandler
 .text.DMA13_DriverIRQHandler
                0x00001e54       0x1c ./drivers/fsl_edma.o
                0x00001e54                DMA13_DriverIRQHandler
 .text.DMA14_DriverIRQHandler
                0x00001e70       0x1c ./drivers/fsl_edma.o
                0x00001e70                DMA14_DriverIRQHandler
 .text.DMA15_DriverIRQHandler
                0x00001e8c       0x1c ./drivers/fsl_edma.o
                0x00001e8c                DMA15_DriverIRQHandler
 .text.ENET_GetInstance
                0x00001ea8       0x44 ./drivers/fsl_enet.o
                0x00001ea8                ENET_GetInstance
 .text.ENET_Ptp1588IRQHandler
                0x00001eec       0x44 ./drivers/fsl_enet.o
                0x00001eec                ENET_Ptp1588IRQHandler
 .text.ENET_TxIRQHandler
                0x00001f30       0x48 ./drivers/fsl_enet.o
                0x00001f30                ENET_TxIRQHandler
 .text.ENET_RxIRQHandler
                0x00001f78       0x44 ./drivers/fsl_enet.o
                0x00001f78                ENET_RxIRQHandler
 .text.ENET_ErrIRQHandler
                0x00001fbc       0x44 ./drivers/fsl_enet.o
                0x00001fbc                ENET_ErrIRQHandler
 .text.ENET_Transmit_DriverIRQHandler
                0x00002000       0x18 ./drivers/fsl_enet.o
                0x00002000                ENET_Transmit_DriverIRQHandler
 .text.ENET_Receive_DriverIRQHandler
                0x00002018       0x18 ./drivers/fsl_enet.o
                0x00002018                ENET_Receive_DriverIRQHandler
 .text.ENET_Error_DriverIRQHandler
                0x00002030       0x18 ./drivers/fsl_enet.o
                0x00002030                ENET_Error_DriverIRQHandler
 .text.ENET_1588_Timer_DriverIRQHandler
                0x00002048       0x18 ./drivers/fsl_enet.o
                0x00002048                ENET_1588_Timer_DriverIRQHandler
 .text.CAN0_DriverIRQHandler
                0x00002060       0x3c ./drivers/fsl_flexcan.o
                0x00002060                CAN0_DriverIRQHandler
 .text.GPIO_PinInit
                0x0000209c       0x64 ./drivers/fsl_gpio.o
                0x0000209c                GPIO_PinInit
 .text.I2C_TransferCommonIRQHandler
                0x00002100       0x58 ./drivers/fsl_i2c.o
 .text.I2C0_DriverIRQHandler
                0x00002158       0x1c ./drivers/fsl_i2c.o
                0x00002158                I2C0_DriverIRQHandler
 .text.I2C1_DriverIRQHandler
                0x00002174       0x1c ./drivers/fsl_i2c.o
                0x00002174                I2C1_DriverIRQHandler
 .text.I2C2_DriverIRQHandler
                0x00002190       0x1c ./drivers/fsl_i2c.o
                0x00002190                I2C2_DriverIRQHandler
 .text.PIT_GetInstance
                0x000021ac       0x44 ./drivers/fsl_pit.o
 .text.PIT_Init
                0x000021f0       0x94 ./drivers/fsl_pit.o
                0x000021f0                PIT_Init
 .text.I2S0_Tx_DriverIRQHandler
                0x00002284       0x3c ./drivers/fsl_sai.o
                0x00002284                I2S0_Tx_DriverIRQHandler
 .text.I2S0_Rx_DriverIRQHandler
                0x000022c0       0x3c ./drivers/fsl_sai.o
                0x000022c0                I2S0_Rx_DriverIRQHandler
 .text.SDHC_DriverIRQHandler
                0x000022fc       0x3c ./drivers/fsl_sdhc.o
                0x000022fc                SDHC_DriverIRQHandler
 .text.UART0_DriverIRQHandler
                0x00002338       0x28 ./drivers/fsl_uart.o
                0x00002338                UART0_DriverIRQHandler
 .text.UART1_DriverIRQHandler
                0x00002360       0x28 ./drivers/fsl_uart.o
                0x00002360                UART1_DriverIRQHandler
 .text.UART2_DriverIRQHandler
                0x00002388       0x28 ./drivers/fsl_uart.o
                0x00002388                UART2_DriverIRQHandler
 .text.UART3_DriverIRQHandler
                0x000023b0       0x28 ./drivers/fsl_uart.o
                0x000023b0                UART3_DriverIRQHandler
 .text.UART4_DriverIRQHandler
                0x000023d8       0x28 ./drivers/fsl_uart.o
                0x000023d8                UART4_DriverIRQHandler
 .text.UART5_DriverIRQHandler
                0x00002400       0x28 ./drivers/fsl_uart.o
                0x00002400                UART5_DriverIRQHandler
 .text.SystemInit
                0x00002428       0x3c ./device/system_MK64F12.o
                0x00002428                SystemInit
 .text.__assertion_failed
                0x00002464       0x4c /Applications/MCUXpressoIDE_11.9.0_2144/ide/plugins/com.nxp.mcuxpresso.tools.macosx_11.9.0.202307121226/tools/bin/../lib/gcc/arm-none-eabi/12.3.1/../../../../arm-none-eabi/lib/thumb/v7e-m+fp/hard/libcr_nohost_nf.a(_cr_assert.o)
                0x00002464                __assertion_failed
 .text._Cwritebuf
                0x000024b0       0x6c /Applications/MCUXpressoIDE_11.9.0_2144/ide/plugins/com.nxp.mcuxpresso.tools.macosx_11.9.0.202307121226/tools/bin/../lib/gcc/arm-none-eabi/12.3.1/../../../../arm-none-eabi/lib/thumb/v7e-m+fp/hard/libcr_c.a(_writebuf.o)
                0x000024b0                _Cwritebuf
 .text.malloc   0x0000251c       0xe8 /Applications/MCUXpressoIDE_11.9.0_2144/ide/plugins/com.nxp.mcuxpresso.tools.macosx_11.9.0.202307121226/tools/bin/../lib/gcc/arm-none-eabi/12.3.1/../../../../arm-none-eabi/lib/thumb/v7e-m+fp/hard/libcr_c.a(alloc.o)
                0x0000251c                malloc
 .text._Csys_alloc
                0x00002604       0x20 /Applications/MCUXpressoIDE_11.9.0_2144/ide/plugins/com.nxp.mcuxpresso.tools.macosx_11.9.0.202307121226/tools/bin/../lib/gcc/arm-none-eabi/12.3.1/../../../../arm-none-eabi/lib/thumb/v7e-m+fp/hard/libcr_c.a(alloc.o)
                0x00002604                _Csys_alloc
 .text.fseek    0x00002624       0xf8 /Applications/MCUXpressoIDE_11.9.0_2144/ide/plugins/com.nxp.mcuxpresso.tools.macosx_11.9.0.202307121226/tools/bin/../lib/gcc/arm-none-eabi/12.3.1/../../../../arm-none-eabi/lib/thumb/v7e-m+fp/hard/libcr_c.a(fseek.o)
                0x00002624                fseek
 .text.ftell    0x0000271c       0x44 /Applications/MCUXpressoIDE_11.9.0_2144/ide/plugins/com.nxp.mcuxpresso.tools.macosx_11.9.0.202307121226/tools/bin/../lib/gcc/arm-none-eabi/12.3.1/../../../../arm-none-eabi/lib/thumb/v7e-m+fp/hard/libcr_c.a(ftell.o)
                0x0000271c                ftell
 .text._initio  0x00002760       0x78 /Applications/MCUXpressoIDE_11.9.0_2144/ide/plugins/com.nxp.mcuxpresso.tools.macosx_11.9.0.202307121226/tools/bin/../lib/gcc/arm-none-eabi/12.3.1/../../../../arm-none-eabi/lib/thumb/v7e-m+fp/hard/libcr_c.a(initio.o)
                0x00002760                _initio
 .text._sbrk    0x000027d8       0x3c /Applications/MCUXpressoIDE_11.9.0_2144/ide/plugins/com.nxp.mcuxpresso.tools.macosx_11.9.0.202307121226/tools/bin/../lib/gcc/arm-none-eabi/12.3.1/../../../../arm-none-eabi/lib/thumb/v7e-m+fp/hard/libcr_c.a(_cr_sbrk.o)
                0x000027d8                _sbrk
 .text.fflush   0x00002814       0x3c /Applications/MCUXpressoIDE_11.9.0_2144/ide/plugins/com.nxp.mcuxpresso.tools.macosx_11.9.0.202307121226/tools/bin/../lib/gcc/arm-none-eabi/12.3.1/../../../../arm-none-eabi/lib/thumb/v7e-m+fp/hard/libcr_c.a(fflush.o)
                0x00002814                fflush
 .text.__check_heap_overflow
                0x00002850       0x18 /Applications/MCUXpressoIDE_11.9.0_2144/ide/plugins/com.nxp.mcuxpresso.tools.macosx_11.9.0.202307121226/tools/bin/../lib/gcc/arm-none-eabi/12.3.1/../../../../arm-none-eabi/lib/thumb/v7e-m+fp/hard/libcr_c.a(_cr_check_heap.o)
                0x00002850                __check_heap_overflow
 .text.DMA0_IRQHandler
                0x00002868        0x8 ./startup/startup_mk64f12.o
                0x00002868                DMA0_IRQHandler
 .text.DMA1_IRQHandler
                0x00002870        0x8 ./startup/startup_mk64f12.o
                0x00002870                DMA1_IRQHandler
 .text.DMA2_IRQHandler
                0x00002878        0x8 ./startup/startup_mk64f12.o
                0x00002878                DMA2_IRQHandler
 .text.DMA3_IRQHandler
                0x00002880        0x8 ./startup/startup_mk64f12.o
                0x00002880                DMA3_IRQHandler
 .text.DMA4_IRQHandler
                0x00002888        0x8 ./startup/startup_mk64f12.o
                0x00002888                DMA4_IRQHandler
 .text.DMA5_IRQHandler
                0x00002890        0x8 ./startup/startup_mk64f12.o
                0x00002890                DMA5_IRQHandler
 .text.DMA6_IRQHandler
                0x00002898        0x8 ./startup/startup_mk64f12.o
                0x00002898                DMA6_IRQHandler
 .text.DMA7_IRQHandler
                0x000028a0        0x8 ./startup/startup_mk64f12.o
                0x000028a0                DMA7_IRQHandler
 .text.DMA8_IRQHandler
                0x000028a8        0x8 ./startup/startup_mk64f12.o
                0x000028a8                DMA8_IRQHandler
 .text.DMA9_IRQHandler
                0x000028b0        0x8 ./startup/startup_mk64f12.o
                0x000028b0                DMA9_IRQHandler
 .text.DMA10_IRQHandler
                0x000028b8        0x8 ./startup/startup_mk64f12.o
                0x000028b8                DMA10_IRQHandler
 .text.DMA11_IRQHandler
                0x000028c0        0x8 ./startup/startup_mk64f12.o
                0x000028c0                DMA11_IRQHandler
 .text.DMA12_IRQHandler
                0x000028c8        0x8 ./startup/startup_mk64f12.o
                0x000028c8                DMA12_IRQHandler
 .text.DMA13_IRQHandler
                0x000028d0        0x8 ./startup/startup_mk64f12.o
                0x000028d0                DMA13_IRQHandler
 .text.DMA14_IRQHandler
                0x000028d8        0x8 ./startup/startup_mk64f12.o
                0x000028d8                DMA14_IRQHandler
 .text.DMA15_IRQHandler
                0x000028e0        0x8 ./startup/startup_mk64f12.o
                0x000028e0                DMA15_IRQHandler
 .text.DMA_Error_IRQHandler
                0x000028e8        0x8 ./startup/startup_mk64f12.o
                0x000028e8                DMA_Error_IRQHandler
 .text.MCM_IRQHandler
                0x000028f0        0x8 ./startup/startup_mk64f12.o
                0x000028f0                MCM_IRQHandler
 .text.FTFE_IRQHandler
                0x000028f8        0x8 ./startup/startup_mk64f12.o
                0x000028f8                FTFE_IRQHandler
 .text.Read_Collision_IRQHandler
                0x00002900        0x8 ./startup/startup_mk64f12.o
                0x00002900                Read_Collision_IRQHandler
 .text.LVD_LVW_IRQHandler
                0x00002908        0x8 ./startup/startup_mk64f12.o
                0x00002908                LVD_LVW_IRQHandler
 .text.LLWU_IRQHandler
                0x00002910        0x8 ./startup/startup_mk64f12.o
                0x00002910                LLWU_IRQHandler
 .text.WDOG_EWM_IRQHandler
                0x00002918        0x8 ./startup/startup_mk64f12.o
                0x00002918                WDOG_EWM_IRQHandler
 .text.RNG_IRQHandler
                0x00002920        0x8 ./startup/startup_mk64f12.o
                0x00002920                RNG_IRQHandler
 .text.I2C0_IRQHandler
                0x00002928        0x8 ./startup/startup_mk64f12.o
                0x00002928                I2C0_IRQHandler
 .text.I2C1_IRQHandler
                0x00002930        0x8 ./startup/startup_mk64f12.o
                0x00002930                I2C1_IRQHandler
 .text.SPI0_IRQHandler
                0x00002938        0x8 ./startup/startup_mk64f12.o
                0x00002938                SPI0_IRQHandler
 .text.SPI1_IRQHandler
                0x00002940        0x8 ./startup/startup_mk64f12.o
                0x00002940                SPI1_IRQHandler
 .text.I2S0_Tx_IRQHandler
                0x00002948        0x8 ./startup/startup_mk64f12.o
                0x00002948                I2S0_Tx_IRQHandler
 .text.I2S0_Rx_IRQHandler
                0x00002950        0x8 ./startup/startup_mk64f12.o
                0x00002950                I2S0_Rx_IRQHandler
 .text.UART0_LON_IRQHandler
                0x00002958        0x8 ./startup/startup_mk64f12.o
                0x00002958                UART0_LON_IRQHandler
 .text.UART0_RX_TX_IRQHandler
                0x00002960        0x8 ./startup/startup_mk64f12.o
                0x00002960                UART0_RX_TX_IRQHandler
 .text.UART0_ERR_IRQHandler
                0x00002968        0x8 ./startup/startup_mk64f12.o
                0x00002968                UART0_ERR_IRQHandler
 .text.UART1_RX_TX_IRQHandler
                0x00002970        0x8 ./startup/startup_mk64f12.o
                0x00002970                UART1_RX_TX_IRQHandler
 .text.UART1_ERR_IRQHandler
                0x00002978        0x8 ./startup/startup_mk64f12.o
                0x00002978                UART1_ERR_IRQHandler
 .text.UART2_RX_TX_IRQHandler
                0x00002980        0x8 ./startup/startup_mk64f12.o
                0x00002980                UART2_RX_TX_IRQHandler
 .text.UART2_ERR_IRQHandler
                0x00002988        0x8 ./startup/startup_mk64f12.o
                0x00002988                UART2_ERR_IRQHandler
 .text.UART3_RX_TX_IRQHandler
                0x00002990        0x8 ./startup/startup_mk64f12.o
                0x00002990                UART3_RX_TX_IRQHandler
 .text.UART3_ERR_IRQHandler
                0x00002998        0x8 ./startup/startup_mk64f12.o
                0x00002998                UART3_ERR_IRQHandler
 .text.ADC0_IRQHandler
                0x000029a0        0x8 ./startup/startup_mk64f12.o
                0x000029a0                ADC0_IRQHandler
 .text.CMP0_IRQHandler
                0x000029a8        0x8 ./startup/startup_mk64f12.o
                0x000029a8                CMP0_IRQHandler
 .text.CMP1_IRQHandler
                0x000029b0        0x8 ./startup/startup_mk64f12.o
                0x000029b0                CMP1_IRQHandler
 .text.FTM0_IRQHandler
                0x000029b8        0x8 ./startup/startup_mk64f12.o
                0x000029b8                FTM0_IRQHandler
 .text.FTM1_IRQHandler
                0x000029c0        0x8 ./startup/startup_mk64f12.o
                0x000029c0                FTM1_IRQHandler
 .text.FTM2_IRQHandler
                0x000029c8        0x8 ./startup/startup_mk64f12.o
                0x000029c8                FTM2_IRQHandler
 .text.CMT_IRQHandler
                0x000029d0        0x8 ./startup/startup_mk64f12.o
                0x000029d0                CMT_IRQHandler
 .text.RTC_IRQHandler
                0x000029d8        0x8 ./startup/startup_mk64f12.o
                0x000029d8                RTC_IRQHandler
 .text.RTC_Seconds_IRQHandler
                0x000029e0        0x8 ./startup/startup_mk64f12.o
                0x000029e0                RTC_Seconds_IRQHandler
 .text.PIT1_IRQHandler
                0x000029e8        0x8 ./startup/startup_mk64f12.o
                0x000029e8                PIT1_IRQHandler
 .text.PIT2_IRQHandler
                0x000029f0        0x8 ./startup/startup_mk64f12.o
                0x000029f0                PIT2_IRQHandler
 .text.PIT3_IRQHandler
                0x000029f8        0x8 ./startup/startup_mk64f12.o
                0x000029f8                PIT3_IRQHandler
 .text.PDB0_IRQHandler
                0x00002a00        0x8 ./startup/startup_mk64f12.o
                0x00002a00                PDB0_IRQHandler
 .text.USB0_IRQHandler
                0x00002a08        0x8 ./startup/startup_mk64f12.o
                0x00002a08                USB0_IRQHandler
 .text.USBDCD_IRQHandler
                0x00002a10        0x8 ./startup/startup_mk64f12.o
                0x00002a10                USBDCD_IRQHandler
 .text.Reserved71_IRQHandler
                0x00002a18        0x8 ./startup/startup_mk64f12.o
                0x00002a18                Reserved71_IRQHandler
 .text.DAC0_IRQHandler
                0x00002a20        0x8 ./startup/startup_mk64f12.o
                0x00002a20                DAC0_IRQHandler
 .text.MCG_IRQHandler
                0x00002a28        0x8 ./startup/startup_mk64f12.o
                0x00002a28                MCG_IRQHandler
 .text.LPTMR0_IRQHandler
                0x00002a30        0x8 ./startup/startup_mk64f12.o
                0x00002a30                LPTMR0_IRQHandler
 .text.PORTA_IRQHandler
                0x00002a38        0x8 ./startup/startup_mk64f12.o
                0x00002a38                PORTA_IRQHandler
 .text.PORTB_IRQHandler
                0x00002a40        0x8 ./startup/startup_mk64f12.o
                0x00002a40                PORTB_IRQHandler
 .text.PORTC_IRQHandler
                0x00002a48        0x8 ./startup/startup_mk64f12.o
                0x00002a48                PORTC_IRQHandler
 .text.PORTD_IRQHandler
                0x00002a50        0x8 ./startup/startup_mk64f12.o
                0x00002a50                PORTD_IRQHandler
 .text.PORTE_IRQHandler
                0x00002a58        0x8 ./startup/startup_mk64f12.o
                0x00002a58                PORTE_IRQHandler
 .text.SWI_IRQHandler
                0x00002a60        0x8 ./startup/startup_mk64f12.o
                0x00002a60                SWI_IRQHandler
 .text.SPI2_IRQHandler
                0x00002a68        0x8 ./startup/startup_mk64f12.o
                0x00002a68                SPI2_IRQHandler
 .text.UART4_RX_TX_IRQHandler
                0x00002a70        0x8 ./startup/startup_mk64f12.o
                0x00002a70                UART4_RX_TX_IRQHandler
 .text.UART4_ERR_IRQHandler
                0x00002a78        0x8 ./startup/startup_mk64f12.o
                0x00002a78                UART4_ERR_IRQHandler
 .text.UART5_RX_TX_IRQHandler
                0x00002a80        0x8 ./startup/startup_mk64f12.o
                0x00002a80                UART5_RX_TX_IRQHandler
 .text.UART5_ERR_IRQHandler
                0x00002a88        0x8 ./startup/startup_mk64f12.o
                0x00002a88                UART5_ERR_IRQHandler
 .text.CMP2_IRQHandler
                0x00002a90        0x8 ./startup/startup_mk64f12.o
                0x00002a90                CMP2_IRQHandler
 .text.FTM3_IRQHandler
                0x00002a98        0x8 ./startup/startup_mk64f12.o
                0x00002a98                FTM3_IRQHandler
 .text.DAC1_IRQHandler
                0x00002aa0        0x8 ./startup/startup_mk64f12.o
                0x00002aa0                DAC1_IRQHandler
 .text.ADC1_IRQHandler
                0x00002aa8        0x8 ./startup/startup_mk64f12.o
                0x00002aa8                ADC1_IRQHandler
 .text.I2C2_IRQHandler
                0x00002ab0        0x8 ./startup/startup_mk64f12.o
                0x00002ab0                I2C2_IRQHandler
 .text.CAN0_ORed_Message_buffer_IRQHandler
                0x00002ab8        0x8 ./startup/startup_mk64f12.o
                0x00002ab8                CAN0_ORed_Message_buffer_IRQHandler
 .text.CAN0_Bus_Off_IRQHandler
                0x00002ac0        0x8 ./startup/startup_mk64f12.o
                0x00002ac0                CAN0_Bus_Off_IRQHandler
 .text.CAN0_Error_IRQHandler
                0x00002ac8        0x8 ./startup/startup_mk64f12.o
                0x00002ac8                CAN0_Error_IRQHandler
 .text.CAN0_Tx_Warning_IRQHandler
                0x00002ad0        0x8 ./startup/startup_mk64f12.o
                0x00002ad0                CAN0_Tx_Warning_IRQHandler
 .text.CAN0_Rx_Warning_IRQHandler
                0x00002ad8        0x8 ./startup/startup_mk64f12.o
                0x00002ad8                CAN0_Rx_Warning_IRQHandler
 .text.CAN0_Wake_Up_IRQHandler
                0x00002ae0        0x8 ./startup/startup_mk64f12.o
                0x00002ae0                CAN0_Wake_Up_IRQHandler
 .text.SDHC_IRQHandler
                0x00002ae8        0x8 ./startup/startup_mk64f12.o
                0x00002ae8                SDHC_IRQHandler
 .text.ENET_1588_Timer_IRQHandler
                0x00002af0        0x8 ./startup/startup_mk64f12.o
                0x00002af0                ENET_1588_Timer_IRQHandler
 .text.ENET_Transmit_IRQHandler
                0x00002af8        0x8 ./startup/startup_mk64f12.o
                0x00002af8                ENET_Transmit_IRQHandler
 .text.ENET_Receive_IRQHandler
                0x00002b00        0x8 ./startup/startup_mk64f12.o
                0x00002b00                ENET_Receive_IRQHandler
 .text.ENET_Error_IRQHandler
                0x00002b08        0x8 ./startup/startup_mk64f12.o
                0x00002b08                ENET_Error_IRQHandler
 .text.CLOCK_EnableClock
                0x00002b10       0x34 ./source/LCD_nokia.o
 .text.GPIO_PortSet
                0x00002b44       0x1c ./source/LCD_nokia.o
 .text.GPIO_PortClear
                0x00002b60       0x1c ./source/LCD_nokia.o
 .text.PORT_SetPinMux
                0x00002b7c       0x3a ./source/LCD_nokia.o
 .text.LCD_nokia_bitmap
                0x00002bb6       0x3a ./source/LCD_nokia.o
                0x00002bb6                LCD_nokia_bitmap
 .text.LCD_nokia_clear
                0x00002bf0       0x36 ./source/LCD_nokia.o
                0x00002bf0                LCD_nokia_clear
 .text.LCD_nokia_goto_xy
                0x00002c26       0x38 ./source/LCD_nokia.o
                0x00002c26                LCD_nokia_goto_xy
 .text.LCD_nokia_delay
                0x00002c5e       0x2a ./source/LCD_nokia.o
                0x00002c5e                LCD_nokia_delay
 .text.CLOCK_EnableClock
                0x00002c88       0x34 ./source/Memory.o
 .text.PORT_SetPinMux
                0x00002cbc       0x3a ./source/Memory.o
 .text.NVIC_enable_interrupt_and_priotity
                0x00002cf6       0x30 ./source/NVIC.o
                0x00002cf6                NVIC_enable_interrupt_and_priotity
 .text.NVIC_set_basepri_threshold
                0x00002d26       0x24 ./source/NVIC.o
                0x00002d26                NVIC_set_basepri_threshold
 .text.EnableIRQ
                0x00002d4a       0x32 ./source/PIT.o
 .text.PIT_EnableInterrupts
                0x00002d7c       0x3a ./source/PIT.o
 .text.PIT_ClearStatusFlags
                0x00002db6       0x2a ./source/PIT.o
 .text.PIT_StartTimer
                0x00002de0       0x38 ./source/PIT.o
 .text.CLOCK_EnableClock
                0x00002e18       0x34 ./source/SPI.o
 .text.PORT_SetPinMux
                0x00002e4c       0x3a ./source/SPI.o
 .text.main     0x00002e86       0x2a ./source/main.o
                0x00002e86                main
 .text.CLOCK_GetPll0RefFreq
                0x00002eb0        0xe ./drivers/fsl_clock.o
 .text.CLOCK_GetFixedFreqClkFreq
                0x00002ebe       0x34 ./drivers/fsl_clock.o
                0x00002ebe                CLOCK_GetFixedFreqClkFreq
 .text.CLOCK_EnableClock
                0x00002ef2       0x34 ./drivers/fsl_dspi.o
 .text.DSPI_Enable
                0x00002f26       0x38 ./drivers/fsl_dspi.o
 .text.DSPI_GetStatusFlags
                0x00002f5e       0x18 ./drivers/fsl_dspi.o
 .text.DSPI_ClearStatusFlags
                0x00002f76       0x1c ./drivers/fsl_dspi.o
 .text.DSPI_DisableInterrupts
                0x00002f92       0x24 ./drivers/fsl_dspi.o
 .text.DSPI_SetMasterSlaveMode
                0x00002fb6       0x2a ./drivers/fsl_dspi.o
 .text.DSPI_IsMaster
                0x00002fe0       0x26 ./drivers/fsl_dspi.o
 .text.DSPI_StartTransfer
                0x00003006       0x20 ./drivers/fsl_dspi.o
 .text.DSPI_StopTransfer
                0x00003026       0x20 ./drivers/fsl_dspi.o
 .text.DSPI_FlushFifo
                0x00003046       0x48 ./drivers/fsl_dspi.o
 .text.DSPI_MasterGetFormattedCommand
                0x0000308e       0x4a ./drivers/fsl_dspi.o
 .text.DSPI_ReadData
                0x000030d8       0x18 ./drivers/fsl_dspi.o
 .text.DSPI_SetOnePcsPolarity
                0x000030f0       0x4e ./drivers/fsl_dspi.o
 .text.GPIO_PinWrite
                0x0000313e       0x36 ./drivers/fsl_gpio.o
 .text.CLOCK_EnableClock
                0x00003174       0x34 ./drivers/fsl_pit.o
 .text.UART0_RX_TX_DriverIRQHandler
                0x000031a8       0x12 ./drivers/fsl_uart.o
                0x000031a8                UART0_RX_TX_DriverIRQHandler
 .text.UART1_RX_TX_DriverIRQHandler
                0x000031ba       0x12 ./drivers/fsl_uart.o
                0x000031ba                UART1_RX_TX_DriverIRQHandler
 .text.UART2_RX_TX_DriverIRQHandler
                0x000031cc       0x12 ./drivers/fsl_uart.o
                0x000031cc                UART2_RX_TX_DriverIRQHandler
 .text.UART3_RX_TX_DriverIRQHandler
                0x000031de       0x12 ./drivers/fsl_uart.o
                0x000031de                UART3_RX_TX_DriverIRQHandler
 .text.UART4_RX_TX_DriverIRQHandler
                0x000031f0       0x12 ./drivers/fsl_uart.o
                0x000031f0                UART4_RX_TX_DriverIRQHandler
 .text.UART5_RX_TX_DriverIRQHandler
                0x00003202       0x12 ./drivers/fsl_uart.o
                0x00003202                UART5_RX_TX_DriverIRQHandler
 .text.SystemInitHook
                0x00003214        0xe ./device/system_MK64F12.o
                0x00003214                SystemInitHook
 .text.__main   0x00003222        0xe /Applications/MCUXpressoIDE_11.9.0_2144/ide/plugins/com.nxp.mcuxpresso.tools.macosx_11.9.0.202307121226/tools/bin/../lib/gcc/arm-none-eabi/12.3.1/../../../../arm-none-eabi/lib/thumb/v7e-m+fp/hard/libcr_nohost_nf.a(_cr__main.o)
                0x00003222                __main
 .text.__sys_appexit
                0x00003230        0x2 /Applications/MCUXpressoIDE_11.9.0_2144/ide/plugins/com.nxp.mcuxpresso.tools.macosx_11.9.0.202307121226/tools/bin/../lib/gcc/arm-none-eabi/12.3.1/../../../../arm-none-eabi/lib/thumb/v7e-m+fp/hard/libcr_nohost_nf.a(__sys_appexit.o)
                0x00003230                __exit
                0x00003230                __sys_appexit
 .text.memset   0x00003232        0x4 /Applications/MCUXpressoIDE_11.9.0_2144/ide/plugins/com.nxp.mcuxpresso.tools.macosx_11.9.0.202307121226/tools/bin/../lib/gcc/arm-none-eabi/12.3.1/../../../../arm-none-eabi/lib/thumb/v7e-m+fp/hard/libcr_c.a(memset.o)
                0x00003232                memset
 .text._deferredlazyseek
                0x00003236       0x40 /Applications/MCUXpressoIDE_11.9.0_2144/ide/plugins/com.nxp.mcuxpresso.tools.macosx_11.9.0.202307121226/tools/bin/../lib/gcc/arm-none-eabi/12.3.1/../../../../arm-none-eabi/lib/thumb/v7e-m+fp/hard/libcr_c.a(_deferredlazyseek.o)
                0x00003236                _deferredlazyseek
 .text.__flsbuf
                0x00003276      0x140 /Applications/MCUXpressoIDE_11.9.0_2144/ide/plugins/com.nxp.mcuxpresso.tools.macosx_11.9.0.202307121226/tools/bin/../lib/gcc/arm-none-eabi/12.3.1/../../../../arm-none-eabi/lib/thumb/v7e-m+fp/hard/libcr_c.a(_deferredlazyseek.o)
                0x00003276                __flsbuf
 .text._fflush  0x000033b6       0x52 /Applications/MCUXpressoIDE_11.9.0_2144/ide/plugins/com.nxp.mcuxpresso.tools.macosx_11.9.0.202307121226/tools/bin/../lib/gcc/arm-none-eabi/12.3.1/../../../../arm-none-eabi/lib/thumb/v7e-m+fp/hard/libcr_c.a(_fflush.o)
                0x000033b6                _fflush
 .text.free     0x00003408       0x30 /Applications/MCUXpressoIDE_11.9.0_2144/ide/plugins/com.nxp.mcuxpresso.tools.macosx_11.9.0.202307121226/tools/bin/../lib/gcc/arm-none-eabi/12.3.1/../../../../arm-none-eabi/lib/thumb/v7e-m+fp/hard/libcr_c.a(alloc.o)
                0x00003408                free
 .text.fputs    0x00003438       0x2c /Applications/MCUXpressoIDE_11.9.0_2144/ide/plugins/com.nxp.mcuxpresso.tools.macosx_11.9.0.202307121226/tools/bin/../lib/gcc/arm-none-eabi/12.3.1/../../../../arm-none-eabi/lib/thumb/v7e-m+fp/hard/libcr_c.a(fputs.o)
                0x00003438                fputs
 .text.setvbuf  0x00003464       0x3e /Applications/MCUXpressoIDE_11.9.0_2144/ide/plugins/com.nxp.mcuxpresso.tools.macosx_11.9.0.202307121226/tools/bin/../lib/gcc/arm-none-eabi/12.3.1/../../../../arm-none-eabi/lib/thumb/v7e-m+fp/hard/libcr_c.a(setvbuf.o)
                0x00003464                setvbuf
 .text.strlen   0x000034a2       0x4e /Applications/MCUXpressoIDE_11.9.0_2144/ide/plugins/com.nxp.mcuxpresso.tools.macosx_11.9.0.202307121226/tools/bin/../lib/gcc/arm-none-eabi/12.3.1/../../../../arm-none-eabi/lib/thumb/v7e-m+fp/hard/libcr_c.a(strlen.o)
                0x000034a2                strlen
 .text._fdopen  0x000034f0       0x68 /Applications/MCUXpressoIDE_11.9.0_2144/ide/plugins/com.nxp.mcuxpresso.tools.macosx_11.9.0.202307121226/tools/bin/../lib/gcc/arm-none-eabi/12.3.1/../../../../arm-none-eabi/lib/thumb/v7e-m+fp/hard/libcr_c.a(_fdopen.o)
                0x000034f0                _fdopen
 .text.fclose   0x00003558       0x58 /Applications/MCUXpressoIDE_11.9.0_2144/ide/plugins/com.nxp.mcuxpresso.tools.macosx_11.9.0.202307121226/tools/bin/../lib/gcc/arm-none-eabi/12.3.1/../../../../arm-none-eabi/lib/thumb/v7e-m+fp/hard/libcr_c.a(fclose.o)
                0x00003558                fclose
 .text.remove   0x000035b0       0x14 /Applications/MCUXpressoIDE_11.9.0_2144/ide/plugins/com.nxp.mcuxpresso.tools.macosx_11.9.0.202307121226/tools/bin/../lib/gcc/arm-none-eabi/12.3.1/../../../../arm-none-eabi/lib/thumb/v7e-m+fp/hard/libcr_c.a(remove.o)
                0x000035b0                remove
 .text._do_fflush
                0x000035c4       0x40 /Applications/MCUXpressoIDE_11.9.0_2144/ide/plugins/com.nxp.mcuxpresso.tools.macosx_11.9.0.202307121226/tools/bin/../lib/gcc/arm-none-eabi/12.3.1/../../../../arm-none-eabi/lib/thumb/v7e-m+fp/hard/libcr_c.a(_do_fflush.o)
                0x000035c4                _do_fflush
 .text.__aeabi_division_uldivmod
                0x00003604      0x174 /Applications/MCUXpressoIDE_11.9.0_2144/ide/plugins/com.nxp.mcuxpresso.tools.macosx_11.9.0.202307121226/tools/bin/../lib/gcc/arm-none-eabi/12.3.1/thumb/v7e-m+fp/hard/libcr_eabihelpers.a(division_64.o)
                0x00003604                __aeabi_uldivmod
                0x00003608                __bhs_ldivmod1
 .text.__aeabi_division_idiv0
                0x00003778        0x2 /Applications/MCUXpressoIDE_11.9.0_2144/ide/plugins/com.nxp.mcuxpresso.tools.macosx_11.9.0.202307121226/tools/bin/../lib/gcc/arm-none-eabi/12.3.1/thumb/v7e-m+fp/hard/libcr_eabihelpers.a(division_idiv0.o)
                0x00003778                __aeabi_idiv0
 .text.__aeabi_memset_lowlevel
                0x0000377a       0x32 /Applications/MCUXpressoIDE_11.9.0_2144/ide/plugins/com.nxp.mcuxpresso.tools.macosx_11.9.0.202307121226/tools/bin/../lib/gcc/arm-none-eabi/12.3.1/thumb/v7e-m+fp/hard/libcr_eabihelpers.a(memcpy.o)
                0x0000377a                __aeabi_lowlevel_memset
 .text.__sys_close
                0x000037ac        0x6 /Applications/MCUXpressoIDE_11.9.0_2144/ide/plugins/com.nxp.mcuxpresso.tools.macosx_11.9.0.202307121226/tools/bin/../lib/gcc/arm-none-eabi/12.3.1/../../../../arm-none-eabi/lib/thumb/v7e-m+fp/hard/libcr_nohost_nf.a(__sys_close.o)
                0x000037ac                __sys_close
 .text.__sys_flen
                0x000037b2        0x6 /Applications/MCUXpressoIDE_11.9.0_2144/ide/plugins/com.nxp.mcuxpresso.tools.macosx_11.9.0.202307121226/tools/bin/../lib/gcc/arm-none-eabi/12.3.1/../../../../arm-none-eabi/lib/thumb/v7e-m+fp/hard/libcr_nohost_nf.a(__sys_flen.o)
                0x000037b2                __sys_flen
 .text.__sys_istty
                0x000037b8        0x6 /Applications/MCUXpressoIDE_11.9.0_2144/ide/plugins/com.nxp.mcuxpresso.tools.macosx_11.9.0.202307121226/tools/bin/../lib/gcc/arm-none-eabi/12.3.1/../../../../arm-none-eabi/lib/thumb/v7e-m+fp/hard/libcr_nohost_nf.a(__sys_istty.o)
                0x000037b8                __sys_istty
 .text.__sys_remove
                0x000037be        0x6 /Applications/MCUXpressoIDE_11.9.0_2144/ide/plugins/com.nxp.mcuxpresso.tools.macosx_11.9.0.202307121226/tools/bin/../lib/gcc/arm-none-eabi/12.3.1/../../../../arm-none-eabi/lib/thumb/v7e-m+fp/hard/libcr_nohost_nf.a(__sys_remove.o)
                0x000037be                __sys_remove
 .text.__sys_seek
                0x000037c4        0x6 /Applications/MCUXpressoIDE_11.9.0_2144/ide/plugins/com.nxp.mcuxpresso.tools.macosx_11.9.0.202307121226/tools/bin/../lib/gcc/arm-none-eabi/12.3.1/../../../../arm-none-eabi/lib/thumb/v7e-m+fp/hard/libcr_nohost_nf.a(__sys_seek.o)
                0x000037c4                __sys_seek
 .text.__sys_tmpnam
                0x000037ca        0x6 /Applications/MCUXpressoIDE_11.9.0_2144/ide/plugins/com.nxp.mcuxpresso.tools.macosx_11.9.0.202307121226/tools/bin/../lib/gcc/arm-none-eabi/12.3.1/../../../../arm-none-eabi/lib/thumb/v7e-m+fp/hard/libcr_nohost_nf.a(__sys_tmpnam.o)
                0x000037ca                __sys_tmpnam
 .text.__sys_write
                0x000037d0        0x4 /Applications/MCUXpressoIDE_11.9.0_2144/ide/plugins/com.nxp.mcuxpresso.tools.macosx_11.9.0.202307121226/tools/bin/../lib/gcc/arm-none-eabi/12.3.1/../../../../arm-none-eabi/lib/thumb/v7e-m+fp/hard/libcr_nohost_nf.a(__sys_write.o)
                0x000037d0                __sys_write
 *(SORT_BY_ALIGNMENT(.rodata) SORT_BY_ALIGNMENT(.rodata.*) SORT_BY_ALIGNMENT(.constdata) SORT_BY_ALIGNMENT(.constdata.*))
 .rodata        0x000037d4        0x2 ./source/LCD_nokia.o
 *fill*         0x000037d6        0x2 ff
 .rodata.ITESO  0x000037d8      0x1f8 ./source/LCD_nokia_images.o
                0x000037d8                ITESO
 .rodata.PIT_GetDefaultConfig.str1.4
                0x000039d0       0x81 ./source/PIT.o
 *fill*         0x00003a51        0x3 ff
 .rodata.PIT_SetTimerPeriod.str1.4
                0x00003a54       0x7e ./source/PIT.o
 *fill*         0x00003ad2        0x2 ff
 .rodata.CLOCK_GetMcgExtClkFreq.str1.4
                0x00003ad4       0x49 ./drivers/fsl_clock.o
 *fill*         0x00003b1d        0x3 ff
 .rodata.CLOCK_GetOsc0ErClkFreq.str1.4
                0x00003b20       0x1e ./drivers/fsl_clock.o
 *fill*         0x00003b3e        0x2 ff
 .rodata.CLOCK_GetEr32kClkFreq.str1.4
                0x00003b40       0x1f ./drivers/fsl_clock.o
 *fill*         0x00003b5f        0x1 ff
 .rodata.CLOCK_GetPll0Freq.str1.4
                0x00003b60       0x1d ./drivers/fsl_clock.o
 *fill*         0x00003b7d        0x3 ff
 .rodata.fllFactorTable.1
                0x00003b80       0x10 ./drivers/fsl_clock.o
 .rodata.s_baudratePrescaler
                0x00003b90       0x10 ./drivers/fsl_dspi.o
 .rodata.s_baudrateScaler
                0x00003ba0       0x40 ./drivers/fsl_dspi.o
 .rodata.s_delayPrescaler
                0x00003be0       0x10 ./drivers/fsl_dspi.o
 .rodata.s_delayScaler
                0x00003bf0       0x40 ./drivers/fsl_dspi.o
 .rodata.s_dspiBases
                0x00003c30        0xc ./drivers/fsl_dspi.o
 .rodata.s_dspiClock
                0x00003c3c        0xc ./drivers/fsl_dspi.o
 .rodata.DSPI_GetInstance.str1.4
                0x00003c48       0x34 ./drivers/fsl_dspi.o
 .rodata.DSPI_MasterInit.str1.4
                0x00003c7c       0x3f ./drivers/fsl_dspi.o
 *fill*         0x00003cbb        0x1 ff
 .rodata.DSPI_MasterSetDelayScaler.str1.4
                0x00003cbc       0x17 ./drivers/fsl_dspi.o
 *fill*         0x00003cd3        0x1 ff
 .rodata.DSPI_MasterTransferBlocking.str1.4
                0x00003cd4       0x22 ./drivers/fsl_dspi.o
 *fill*         0x00003cf6        0x2 ff
 .rodata.DSPI_MasterHalfDuplexTransferBlocking.str1.4
                0x00003cf8       0x1f ./drivers/fsl_dspi.o
 *fill*         0x00003d17        0x1 ff
 .rodata.SPI0_DriverIRQHandler.str1.4
                0x00003d18       0x2a ./drivers/fsl_dspi.o
 *fill*         0x00003d42        0x2 ff
 .rodata.SPI1_DriverIRQHandler.str1.4
                0x00003d44       0x2a ./drivers/fsl_dspi.o
 *fill*         0x00003d6e        0x2 ff
 .rodata.SPI2_DriverIRQHandler.str1.4
                0x00003d70       0x2a ./drivers/fsl_dspi.o
 *fill*         0x00003d9a        0x2 ff
 .rodata.EDMA_HandleIRQ.str1.4
                0x00003d9c       0x21 ./drivers/fsl_edma.o
 *fill*         0x00003dbd        0x3 ff
 .rodata.ENET_GetInstance.str1.4
                0x00003dc0       0x34 ./drivers/fsl_enet.o
 .rodata.CAN0_DriverIRQHandler.str1.4
                0x00003df4       0x30 ./drivers/fsl_flexcan.o
 .rodata.GPIO_PinInit.str1.4
                0x00003e24       0x20 ./drivers/fsl_gpio.o
 .rodata.PIT_GetInstance.str1.4
                0x00003e44       0x31 ./drivers/fsl_pit.o
 *fill*         0x00003e75        0x3 ff
 .rodata.PIT_Init.str1.4
                0x00003e78       0x1e ./drivers/fsl_pit.o
 *fill*         0x00003e96        0x2 ff
 .rodata.I2S0_Tx_DriverIRQHandler.str1.4
                0x00003e98       0x2b ./drivers/fsl_sai.o
 *fill*         0x00003ec3        0x1 ff
 .rodata.I2S0_Rx_DriverIRQHandler.str1.4
                0x00003ec4       0x2b ./drivers/fsl_sai.o
 *fill*         0x00003eef        0x1 ff
 .rodata.SDHC_DriverIRQHandler.str1.4
                0x00003ef0       0x2a ./drivers/fsl_sdhc.o
 *fill*         0x00003f1a        0x2 ff
 .rodata.__num_Ciob_streams
                0x00003f1c        0x4 /Applications/MCUXpressoIDE_11.9.0_2144/ide/plugins/com.nxp.mcuxpresso.tools.macosx_11.9.0.202307121226/tools/bin/../lib/gcc/arm-none-eabi/12.3.1/../../../../arm-none-eabi/lib/thumb/v7e-m+fp/hard/libcr_nohost_nf.a(__ciob.o)
                0x00003f1c                __num_Ciob_streams
 .rodata.__assertion_failed.str1.1
                0x00003f20       0x15 /Applications/MCUXpressoIDE_11.9.0_2144/ide/plugins/com.nxp.mcuxpresso.tools.macosx_11.9.0.202307121226/tools/bin/../lib/gcc/arm-none-eabi/12.3.1/../../../../arm-none-eabi/lib/thumb/v7e-m+fp/hard/libcr_nohost_nf.a(_cr_assert.o)
 .rodata._Csys_alloc.str1.1
                0x00003f35       0x18 /Applications/MCUXpressoIDE_11.9.0_2144/ide/plugins/com.nxp.mcuxpresso.tools.macosx_11.9.0.202307121226/tools/bin/../lib/gcc/arm-none-eabi/12.3.1/../../../../arm-none-eabi/lib/thumb/v7e-m+fp/hard/libcr_c.a(alloc.o)
 .rodata._initio.str1.1
                0x00003f4d        0x4 /Applications/MCUXpressoIDE_11.9.0_2144/ide/plugins/com.nxp.mcuxpresso.tools.macosx_11.9.0.202307121226/tools/bin/../lib/gcc/arm-none-eabi/12.3.1/../../../../arm-none-eabi/lib/thumb/v7e-m+fp/hard/libcr_c.a(initio.o)
                0x00003f58                        . = ALIGN (0x8)
 *fill*         0x00003f51        0x7 ff

.glue_7         0x00003f58        0x0
 .glue_7        0x00003f58        0x0 linker stubs

.glue_7t        0x00003f58        0x0
 .glue_7t       0x00003f58        0x0 linker stubs

.vfp11_veneer   0x00003f58        0x0
 .vfp11_veneer  0x00003f58        0x0 linker stubs

.v4_bx          0x00003f58        0x0
 .v4_bx         0x00003f58        0x0 linker stubs

.iplt           0x00003f58        0x0
 .iplt          0x00003f58        0x0 ./startup/startup_mk64f12.o

.rel.dyn        0x00003f58        0x0
 .rel.iplt      0x00003f58        0x0 ./startup/startup_mk64f12.o

.ARM.extab
 *(SORT_BY_ALIGNMENT(.ARM.extab*) SORT_BY_ALIGNMENT(.gnu.linkonce.armextab.*))

.ARM.exidx      0x00003f58        0x0
                0x00003f58                        __exidx_start = .
 *(SORT_BY_ALIGNMENT(.ARM.exidx*) SORT_BY_ALIGNMENT(.gnu.linkonce.armexidx.*))
                0x00003f58                        __exidx_end = .
                0x00003f58                        _etext = .

.m_usb_data
 *(SORT_BY_ALIGNMENT(m_usb_bdt))

.data_RAM2      0x1fff0000        0x0 load address 0x00003f58
 FILL mask 0xff
                [!provide]                        PROVIDE (__start_data_RAM2 = .)
                [!provide]                        PROVIDE (__start_data_SRAM_LOWER = .)
 *(SORT_BY_ALIGNMENT(.ramfunc.$RAM2))
 *(SORT_BY_ALIGNMENT(.ramfunc.$SRAM_LOWER))
 *(SORT_BY_ALIGNMENT(.data.$RAM2))
 *(SORT_BY_ALIGNMENT(.data.$SRAM_LOWER))
 *(SORT_BY_ALIGNMENT(.data.$RAM2.*))
 *(SORT_BY_ALIGNMENT(.data.$SRAM_LOWER.*))
                0x1fff0000                        . = ALIGN (0x8)
                [!provide]                        PROVIDE (__end_data_RAM2 = .)
                [!provide]                        PROVIDE (__end_data_SRAM_LOWER = .)

.data_RAM3      0x14000000        0x0 load address 0x00003f58
 FILL mask 0xff
                [!provide]                        PROVIDE (__start_data_RAM3 = .)
                [!provide]                        PROVIDE (__start_data_FLEX_RAM = .)
 *(SORT_BY_ALIGNMENT(.ramfunc.$RAM3))
 *(SORT_BY_ALIGNMENT(.ramfunc.$FLEX_RAM))
 *(SORT_BY_ALIGNMENT(.data.$RAM3))
 *(SORT_BY_ALIGNMENT(.data.$FLEX_RAM))
 *(SORT_BY_ALIGNMENT(.data.$RAM3.*))
 *(SORT_BY_ALIGNMENT(.data.$FLEX_RAM.*))
                0x14000000                        . = ALIGN (0x8)
                [!provide]                        PROVIDE (__end_data_RAM3 = .)
                [!provide]                        PROVIDE (__end_data_FLEX_RAM = .)

.uninit_RESERVED
                0x20000000        0x0
                0x20000000                        _start_uninit_RESERVED = .
 *(SORT_BY_ALIGNMENT(.bss.$RESERVED*))
                0x20000000                        . = ALIGN (0x8)
                0x20000000                        _end_uninit_RESERVED = .

.data           0x20000000       0x20 load address 0x00003f58
 FILL mask 0xff
                0x20000000                        _data = .
                [!provide]                        PROVIDE (__start_data_RAM = .)
                [!provide]                        PROVIDE (__start_data_SRAM_UPPER = .)
 *(SORT_BY_ALIGNMENT(vtable))
 *(SORT_BY_ALIGNMENT(.ramfunc*))
 *(SORT_BY_ALIGNMENT(CodeQuickAccess))
 *(SORT_BY_ALIGNMENT(DataQuickAccess))
 *(SORT_BY_ALIGNMENT(RamFunction))
 *(SORT_BY_ALIGNMENT(.data*))
 .data.images   0x20000000       0x14 ./source/Memory.o
                0x20000000                images
 .data.s_slowIrcFreq
                0x20000014        0x4 ./drivers/fsl_clock.o
 .data.s_fastIrcFreq
                0x20000018        0x4 ./drivers/fsl_clock.o
                0x20000020                        . = ALIGN (0x8)
 *fill*         0x2000001c        0x4 ff
                0x20000020                        _edata = .
                [!provide]                        PROVIDE (__end_data_RAM = .)
                [!provide]                        PROVIDE (__end_data_SRAM_UPPER = .)

.igot.plt       0x20000020        0x0 load address 0x00003f78
 .igot.plt      0x20000020        0x0 ./startup/startup_mk64f12.o

.bss_RAM2       0x1fff0000        0x0
                [!provide]                        PROVIDE (__start_bss_RAM2 = .)
                [!provide]                        PROVIDE (__start_bss_SRAM_LOWER = .)
 *(SORT_BY_ALIGNMENT(.bss.$RAM2))
 *(SORT_BY_ALIGNMENT(.bss.$SRAM_LOWER))
 *(SORT_BY_ALIGNMENT(.bss.$RAM2.*))
 *(SORT_BY_ALIGNMENT(.bss.$SRAM_LOWER.*))
                0x1fff0000                        . = ALIGN ((. != 0x0)?0x8:0x1)
                [!provide]                        PROVIDE (__end_bss_RAM2 = .)
                [!provide]                        PROVIDE (__end_bss_SRAM_LOWER = .)

.bss_RAM3       0x14000000        0x0
                [!provide]                        PROVIDE (__start_bss_RAM3 = .)
                [!provide]                        PROVIDE (__start_bss_FLEX_RAM = .)
 *(SORT_BY_ALIGNMENT(.bss.$RAM3))
 *(SORT_BY_ALIGNMENT(.bss.$FLEX_RAM))
 *(SORT_BY_ALIGNMENT(.bss.$RAM3.*))
 *(SORT_BY_ALIGNMENT(.bss.$FLEX_RAM.*))
                0x14000000                        . = ALIGN ((. != 0x0)?0x8:0x1)
                [!provide]                        PROVIDE (__end_bss_RAM3 = .)
                [!provide]                        PROVIDE (__end_bss_FLEX_RAM = .)

.bss            0x20000020      0x968
                0x20000020                        _bss = .
                [!provide]                        PROVIDE (__start_bss_RAM = .)
                [!provide]                        PROVIDE (__start_bss_SRAM_UPPER = .)
 *(SORT_BY_ALIGNMENT(.bss*))
 .bss.image1    0x20000020      0x1f8 ./source/Memory.o
                0x20000020                image1
 .bss.image2    0x20000218      0x1f8 ./source/Memory.o
                0x20000218                image2
 .bss.image3    0x20000410      0x1f8 ./source/Memory.o
                0x20000410                image3
 .bss.image5    0x20000608      0x1f8 ./source/Memory.o
                0x20000608                image5
 .bss.g_xtal0Freq
                0x20000800        0x4 ./drivers/fsl_clock.o
                0x20000800                g_xtal0Freq
 .bss.g_xtal32Freq
                0x20000804        0x4 ./drivers/fsl_clock.o
                0x20000804                g_xtal32Freq
 .bss.g_dspiHandle
                0x20000808        0xc ./drivers/fsl_dspi.o
 .bss.s_dspiMasterIsr
                0x20000814        0x4 ./drivers/fsl_dspi.o
 .bss.s_dspiSlaveIsr
                0x20000818        0x4 ./drivers/fsl_dspi.o
 .bss.g_dspiDummyData
                0x2000081c        0x3 ./drivers/fsl_dspi.o
                0x2000081c                g_dspiDummyData
 *fill*         0x2000081f        0x1 
 .bss.s_EDMAHandle
                0x20000820       0x40 ./drivers/fsl_edma.o
 .bss.s_ENETHandle
                0x20000860        0x4 ./drivers/fsl_enet.o
 .bss.s_enetTxIsr
                0x20000864        0x4 ./drivers/fsl_enet.o
 .bss.s_enetRxIsr
                0x20000868        0x4 ./drivers/fsl_enet.o
 .bss.s_enetErrIsr
                0x2000086c        0x4 ./drivers/fsl_enet.o
 .bss.s_enet1588TimerIsr
                0x20000870        0x4 ./drivers/fsl_enet.o
 .bss.s_flexcanHandle
                0x20000874        0x4 ./drivers/fsl_flexcan.o
 .bss.s_flexcanIsr
                0x20000878        0x4 ./drivers/fsl_flexcan.o
 .bss.s_i2cHandle
                0x2000087c        0xc ./drivers/fsl_i2c.o
 .bss.s_i2cMasterIsr
                0x20000888        0x4 ./drivers/fsl_i2c.o
 .bss.s_i2cSlaveIsr
                0x2000088c        0x4 ./drivers/fsl_i2c.o
 .bss.s_saiHandle
                0x20000890        0x8 ./drivers/fsl_sai.o
 .bss.s_saiTxIsr
                0x20000898        0x4 ./drivers/fsl_sai.o
 .bss.s_saiRxIsr
                0x2000089c        0x4 ./drivers/fsl_sai.o
 .bss.s_sdhcHandle
                0x200008a0        0x4 ./drivers/fsl_sdhc.o
 .bss.s_sdhcIsr
                0x200008a4        0x4 ./drivers/fsl_sdhc.o
 .bss.s_uartHandle
                0x200008a8       0x18 ./drivers/fsl_uart.o
                0x200008a8                s_uartHandle
 .bss.s_uartIsr
                0x200008c0        0x4 ./drivers/fsl_uart.o
                0x200008c0                s_uartIsr
 .bss.__Ciob    0x200008c4       0xb4 /Applications/MCUXpressoIDE_11.9.0_2144/ide/plugins/com.nxp.mcuxpresso.tools.macosx_11.9.0.202307121226/tools/bin/../lib/gcc/arm-none-eabi/12.3.1/../../../../arm-none-eabi/lib/thumb/v7e-m+fp/hard/libcr_nohost_nf.a(__ciob.o)
                0x200008c4                __Ciob
 .bss.errno     0x20000978        0x4 /Applications/MCUXpressoIDE_11.9.0_2144/ide/plugins/com.nxp.mcuxpresso.tools.macosx_11.9.0.202307121226/tools/bin/../lib/gcc/arm-none-eabi/12.3.1/../../../../arm-none-eabi/lib/thumb/v7e-m+fp/hard/libcr_c.a(errno.o)
                0x20000978                errno
 .bss.__end_of_heap
                0x2000097c        0x4 /Applications/MCUXpressoIDE_11.9.0_2144/ide/plugins/com.nxp.mcuxpresso.tools.macosx_11.9.0.202307121226/tools/bin/../lib/gcc/arm-none-eabi/12.3.1/../../../../arm-none-eabi/lib/thumb/v7e-m+fp/hard/libcr_c.a(__init_alloc.o)
                0x2000097c                __end_of_heap
 .bss.__heaps   0x20000980        0x4 /Applications/MCUXpressoIDE_11.9.0_2144/ide/plugins/com.nxp.mcuxpresso.tools.macosx_11.9.0.202307121226/tools/bin/../lib/gcc/arm-none-eabi/12.3.1/../../../../arm-none-eabi/lib/thumb/v7e-m+fp/hard/libcr_c.a(__init_alloc.o)
                0x20000980                __heaps
 .bss.selector  0x20000984        0x1 ./source/ImageDisplay.o
                0x20000984                selector
 *(SORT_BY_ALIGNMENT(COMMON))
                0x20000988                        . = ALIGN (0x8)
 *fill*         0x20000985        0x3 
                0x20000988                        _ebss = .
                [!provide]                        PROVIDE (__end_bss_RAM = .)
                [!provide]                        PROVIDE (__end_bss_SRAM_UPPER = .)
                [!provide]                        PROVIDE (end = .)

.noinit_RAM2    0x1fff0000        0x0
                [!provide]                        PROVIDE (__start_noinit_RAM2 = .)
                [!provide]                        PROVIDE (__start_noinit_SRAM_LOWER = .)
 *(SORT_BY_ALIGNMENT(.noinit.$RAM2))
 *(SORT_BY_ALIGNMENT(.noinit.$SRAM_LOWER))
 *(SORT_BY_ALIGNMENT(.noinit.$RAM2.*))
 *(SORT_BY_ALIGNMENT(.noinit.$SRAM_LOWER.*))
                0x1fff0000                        . = ALIGN (0x8)
                [!provide]                        PROVIDE (__end_noinit_RAM2 = .)
                [!provide]                        PROVIDE (__end_noinit_SRAM_LOWER = .)

.noinit_RAM3    0x14000000        0x0
                [!provide]                        PROVIDE (__start_noinit_RAM3 = .)
                [!provide]                        PROVIDE (__start_noinit_FLEX_RAM = .)
 *(SORT_BY_ALIGNMENT(.noinit.$RAM3))
 *(SORT_BY_ALIGNMENT(.noinit.$FLEX_RAM))
 *(SORT_BY_ALIGNMENT(.noinit.$RAM3.*))
 *(SORT_BY_ALIGNMENT(.noinit.$FLEX_RAM.*))
                0x14000000                        . = ALIGN (0x8)
                [!provide]                        PROVIDE (__end_noinit_RAM3 = .)
                [!provide]                        PROVIDE (__end_noinit_FLEX_RAM = .)

.noinit         0x20000988        0x0
                0x20000988                        _noinit = .
                [!provide]                        PROVIDE (__start_noinit_RAM = .)
                [!provide]                        PROVIDE (__start_noinit_SRAM_UPPER = .)
 *(SORT_BY_ALIGNMENT(.noinit*))
                0x20000988                        . = ALIGN (0x8)
                0x20000988                        _end_noinit = .
                [!provide]                        PROVIDE (__end_noinit_RAM = .)
                [!provide]                        PROVIDE (__end_noinit_SRAM_UPPER = .)
                0x00001000                        _HeapSize = 0x1000

.heap           0x20000988     0x1000
                0x20000988                        _pvHeapStart = .
                0x20001988                        . = (. + _HeapSize)
 *fill*         0x20000988     0x1000 
                0x20001988                        . = ALIGN (0x8)
                0x20001988                        _pvHeapLimit = .
                0x00001000                        _StackSize = 0x1000

.heap2stackfill
                0x20001988     0x1000
                0x20002988                        . = (. + _StackSize)
 *fill*         0x20001988     0x1000 

.stack          0x2002f000        0x0
                0x2002f000                        _vStackBase = .
                0x2002f000                        . = ALIGN (0x8)
                0x20030000                        _vStackTop = (. + _StackSize)
                0x00000000                        _image_start = LOADADDR (.text)
                0x00003f78                        _image_end = (LOADADDR (.data) + SIZEOF (.data))
                0x00003f78                        _image_size = (_image_end - _image_start)
OUTPUT(NOKIA_nk.axf elf32-littlearm)
LOAD linker stubs

.debug_info     0x00000000    0x1f051
 .debug_info    0x00000000      0xcfa ./startup/startup_mk64f12.o
 .debug_info    0x00000cfa      0x11b ./source/ImageDisplay.o
 .debug_info    0x00000e15      0xc66 ./source/LCD_nokia.o
 .debug_info    0x00001a7b       0xc5 ./source/LCD_nokia_images.o
 .debug_info    0x00001b40     0x102e ./source/Memory.o
 .debug_info    0x00002b6e      0x96c ./source/NVIC.o
 .debug_info    0x000034da      0xe4e ./source/PIT.o
 .debug_info    0x00004328      0xb30 ./source/SPI.o
 .debug_info    0x00004e58      0x38d ./source/main.o
 .debug_info    0x000051e5     0x21e2 ./drivers/fsl_clock.o
 .debug_info    0x000073c7     0x2616 ./drivers/fsl_dspi.o
 .debug_info    0x000099dd     0x23fa ./drivers/fsl_edma.o
 .debug_info    0x0000bdd7     0x39a0 ./drivers/fsl_enet.o
 .debug_info    0x0000f777     0x2505 ./drivers/fsl_flexcan.o
 .debug_info    0x00011c7c      0x6bb ./drivers/fsl_gpio.o
 .debug_info    0x00012337     0x1ed1 ./drivers/fsl_i2c.o
 .debug_info    0x00014208      0x78a ./drivers/fsl_pit.o
 .debug_info    0x00014992     0x2f4e ./drivers/fsl_sai.o
 .debug_info    0x000178e0     0x2255 ./drivers/fsl_sdhc.o
 .debug_info    0x00019b35     0x1fcf ./drivers/fsl_uart.o
 .debug_info    0x0001bb04      0x649 ./device/system_MK64F12.o
 .debug_info    0x0001c14d       0x85 /Applications/MCUXpressoIDE_11.9.0_2144/ide/plugins/com.nxp.mcuxpresso.tools.macosx_11.9.0.202307121226/tools/bin/../lib/gcc/arm-none-eabi/12.3.1/../../../../arm-none-eabi/lib/thumb/v7e-m+fp/hard/libcr_nohost_nf.a(_cr__main.o)
 .debug_info    0x0001c1d2      0x22e /Applications/MCUXpressoIDE_11.9.0_2144/ide/plugins/com.nxp.mcuxpresso.tools.macosx_11.9.0.202307121226/tools/bin/../lib/gcc/arm-none-eabi/12.3.1/../../../../arm-none-eabi/lib/thumb/v7e-m+fp/hard/libcr_nohost_nf.a(_cr_assert.o)
 .debug_info    0x0001c400      0x18b /Applications/MCUXpressoIDE_11.9.0_2144/ide/plugins/com.nxp.mcuxpresso.tools.macosx_11.9.0.202307121226/tools/bin/../lib/gcc/arm-none-eabi/12.3.1/../../../../arm-none-eabi/lib/thumb/v7e-m+fp/hard/libcr_nohost_nf.a(__ciob.o)
 .debug_info    0x0001c58b       0x38 /Applications/MCUXpressoIDE_11.9.0_2144/ide/plugins/com.nxp.mcuxpresso.tools.macosx_11.9.0.202307121226/tools/bin/../lib/gcc/arm-none-eabi/12.3.1/../../../../arm-none-eabi/lib/thumb/v7e-m+fp/hard/libcr_nohost_nf.a(__sys_appexit.o)
 .debug_info    0x0001c5c3       0xe3 /Applications/MCUXpressoIDE_11.9.0_2144/ide/plugins/com.nxp.mcuxpresso.tools.macosx_11.9.0.202307121226/tools/bin/../lib/gcc/arm-none-eabi/12.3.1/../../../../arm-none-eabi/lib/thumb/v7e-m+fp/hard/libcr_c.a(memset.o)
 .debug_info    0x0001c6a6      0x362 /Applications/MCUXpressoIDE_11.9.0_2144/ide/plugins/com.nxp.mcuxpresso.tools.macosx_11.9.0.202307121226/tools/bin/../lib/gcc/arm-none-eabi/12.3.1/../../../../arm-none-eabi/lib/thumb/v7e-m+fp/hard/libcr_c.a(_deferredlazyseek.o)
 .debug_info    0x0001ca08      0x1e3 /Applications/MCUXpressoIDE_11.9.0_2144/ide/plugins/com.nxp.mcuxpresso.tools.macosx_11.9.0.202307121226/tools/bin/../lib/gcc/arm-none-eabi/12.3.1/../../../../arm-none-eabi/lib/thumb/v7e-m+fp/hard/libcr_c.a(_fflush.o)
 .debug_info    0x0001cbeb      0x282 /Applications/MCUXpressoIDE_11.9.0_2144/ide/plugins/com.nxp.mcuxpresso.tools.macosx_11.9.0.202307121226/tools/bin/../lib/gcc/arm-none-eabi/12.3.1/../../../../arm-none-eabi/lib/thumb/v7e-m+fp/hard/libcr_c.a(_writebuf.o)
 .debug_info    0x0001ce6d      0x506 /Applications/MCUXpressoIDE_11.9.0_2144/ide/plugins/com.nxp.mcuxpresso.tools.macosx_11.9.0.202307121226/tools/bin/../lib/gcc/arm-none-eabi/12.3.1/../../../../arm-none-eabi/lib/thumb/v7e-m+fp/hard/libcr_c.a(alloc.o)
 .debug_info    0x0001d373       0x44 /Applications/MCUXpressoIDE_11.9.0_2144/ide/plugins/com.nxp.mcuxpresso.tools.macosx_11.9.0.202307121226/tools/bin/../lib/gcc/arm-none-eabi/12.3.1/../../../../arm-none-eabi/lib/thumb/v7e-m+fp/hard/libcr_c.a(errno.o)
 .debug_info    0x0001d3b7      0x1e0 /Applications/MCUXpressoIDE_11.9.0_2144/ide/plugins/com.nxp.mcuxpresso.tools.macosx_11.9.0.202307121226/tools/bin/../lib/gcc/arm-none-eabi/12.3.1/../../../../arm-none-eabi/lib/thumb/v7e-m+fp/hard/libcr_c.a(fputs.o)
 .debug_info    0x0001d597      0x276 /Applications/MCUXpressoIDE_11.9.0_2144/ide/plugins/com.nxp.mcuxpresso.tools.macosx_11.9.0.202307121226/tools/bin/../lib/gcc/arm-none-eabi/12.3.1/../../../../arm-none-eabi/lib/thumb/v7e-m+fp/hard/libcr_c.a(fseek.o)
 .debug_info    0x0001d80d      0x190 /Applications/MCUXpressoIDE_11.9.0_2144/ide/plugins/com.nxp.mcuxpresso.tools.macosx_11.9.0.202307121226/tools/bin/../lib/gcc/arm-none-eabi/12.3.1/../../../../arm-none-eabi/lib/thumb/v7e-m+fp/hard/libcr_c.a(ftell.o)
 .debug_info    0x0001d99d      0x339 /Applications/MCUXpressoIDE_11.9.0_2144/ide/plugins/com.nxp.mcuxpresso.tools.macosx_11.9.0.202307121226/tools/bin/../lib/gcc/arm-none-eabi/12.3.1/../../../../arm-none-eabi/lib/thumb/v7e-m+fp/hard/libcr_c.a(initio.o)
 .debug_info    0x0001dcd6      0x1f6 /Applications/MCUXpressoIDE_11.9.0_2144/ide/plugins/com.nxp.mcuxpresso.tools.macosx_11.9.0.202307121226/tools/bin/../lib/gcc/arm-none-eabi/12.3.1/../../../../arm-none-eabi/lib/thumb/v7e-m+fp/hard/libcr_c.a(setvbuf.o)
 .debug_info    0x0001decc       0xda /Applications/MCUXpressoIDE_11.9.0_2144/ide/plugins/com.nxp.mcuxpresso.tools.macosx_11.9.0.202307121226/tools/bin/../lib/gcc/arm-none-eabi/12.3.1/../../../../arm-none-eabi/lib/thumb/v7e-m+fp/hard/libcr_c.a(strlen.o)
 .debug_info    0x0001dfa6       0xd4 /Applications/MCUXpressoIDE_11.9.0_2144/ide/plugins/com.nxp.mcuxpresso.tools.macosx_11.9.0.202307121226/tools/bin/../lib/gcc/arm-none-eabi/12.3.1/../../../../arm-none-eabi/lib/thumb/v7e-m+fp/hard/libcr_c.a(__init_alloc.o)
 .debug_info    0x0001e07a      0x100 /Applications/MCUXpressoIDE_11.9.0_2144/ide/plugins/com.nxp.mcuxpresso.tools.macosx_11.9.0.202307121226/tools/bin/../lib/gcc/arm-none-eabi/12.3.1/../../../../arm-none-eabi/lib/thumb/v7e-m+fp/hard/libcr_c.a(_cr_sbrk.o)
 .debug_info    0x0001e17a      0x244 /Applications/MCUXpressoIDE_11.9.0_2144/ide/plugins/com.nxp.mcuxpresso.tools.macosx_11.9.0.202307121226/tools/bin/../lib/gcc/arm-none-eabi/12.3.1/../../../../arm-none-eabi/lib/thumb/v7e-m+fp/hard/libcr_c.a(_fdopen.o)
 .debug_info    0x0001e3be      0x318 /Applications/MCUXpressoIDE_11.9.0_2144/ide/plugins/com.nxp.mcuxpresso.tools.macosx_11.9.0.202307121226/tools/bin/../lib/gcc/arm-none-eabi/12.3.1/../../../../arm-none-eabi/lib/thumb/v7e-m+fp/hard/libcr_c.a(fclose.o)
 .debug_info    0x0001e6d6      0x202 /Applications/MCUXpressoIDE_11.9.0_2144/ide/plugins/com.nxp.mcuxpresso.tools.macosx_11.9.0.202307121226/tools/bin/../lib/gcc/arm-none-eabi/12.3.1/../../../../arm-none-eabi/lib/thumb/v7e-m+fp/hard/libcr_c.a(fflush.o)
 .debug_info    0x0001e8d8      0x1ca /Applications/MCUXpressoIDE_11.9.0_2144/ide/plugins/com.nxp.mcuxpresso.tools.macosx_11.9.0.202307121226/tools/bin/../lib/gcc/arm-none-eabi/12.3.1/../../../../arm-none-eabi/lib/thumb/v7e-m+fp/hard/libcr_c.a(remove.o)
 .debug_info    0x0001eaa2       0x71 /Applications/MCUXpressoIDE_11.9.0_2144/ide/plugins/com.nxp.mcuxpresso.tools.macosx_11.9.0.202307121226/tools/bin/../lib/gcc/arm-none-eabi/12.3.1/../../../../arm-none-eabi/lib/thumb/v7e-m+fp/hard/libcr_c.a(_cr_check_heap.o)
 .debug_info    0x0001eb13      0x23a /Applications/MCUXpressoIDE_11.9.0_2144/ide/plugins/com.nxp.mcuxpresso.tools.macosx_11.9.0.202307121226/tools/bin/../lib/gcc/arm-none-eabi/12.3.1/../../../../arm-none-eabi/lib/thumb/v7e-m+fp/hard/libcr_c.a(_do_fflush.o)
 .debug_info    0x0001ed4d       0x5c /Applications/MCUXpressoIDE_11.9.0_2144/ide/plugins/com.nxp.mcuxpresso.tools.macosx_11.9.0.202307121226/tools/bin/../lib/gcc/arm-none-eabi/12.3.1/../../../../arm-none-eabi/lib/thumb/v7e-m+fp/hard/libcr_nohost_nf.a(__sys_close.o)
 .debug_info    0x0001eda9       0x5c /Applications/MCUXpressoIDE_11.9.0_2144/ide/plugins/com.nxp.mcuxpresso.tools.macosx_11.9.0.202307121226/tools/bin/../lib/gcc/arm-none-eabi/12.3.1/../../../../arm-none-eabi/lib/thumb/v7e-m+fp/hard/libcr_nohost_nf.a(__sys_flen.o)
 .debug_info    0x0001ee05       0x5c /Applications/MCUXpressoIDE_11.9.0_2144/ide/plugins/com.nxp.mcuxpresso.tools.macosx_11.9.0.202307121226/tools/bin/../lib/gcc/arm-none-eabi/12.3.1/../../../../arm-none-eabi/lib/thumb/v7e-m+fp/hard/libcr_nohost_nf.a(__sys_istty.o)
 .debug_info    0x0001ee61       0x7c /Applications/MCUXpressoIDE_11.9.0_2144/ide/plugins/com.nxp.mcuxpresso.tools.macosx_11.9.0.202307121226/tools/bin/../lib/gcc/arm-none-eabi/12.3.1/../../../../arm-none-eabi/lib/thumb/v7e-m+fp/hard/libcr_nohost_nf.a(__sys_remove.o)
 .debug_info    0x0001eedd       0x6a /Applications/MCUXpressoIDE_11.9.0_2144/ide/plugins/com.nxp.mcuxpresso.tools.macosx_11.9.0.202307121226/tools/bin/../lib/gcc/arm-none-eabi/12.3.1/../../../../arm-none-eabi/lib/thumb/v7e-m+fp/hard/libcr_nohost_nf.a(__sys_seek.o)
 .debug_info    0x0001ef47       0x85 /Applications/MCUXpressoIDE_11.9.0_2144/ide/plugins/com.nxp.mcuxpresso.tools.macosx_11.9.0.202307121226/tools/bin/../lib/gcc/arm-none-eabi/12.3.1/../../../../arm-none-eabi/lib/thumb/v7e-m+fp/hard/libcr_nohost_nf.a(__sys_tmpnam.o)
 .debug_info    0x0001efcc       0x85 /Applications/MCUXpressoIDE_11.9.0_2144/ide/plugins/com.nxp.mcuxpresso.tools.macosx_11.9.0.202307121226/tools/bin/../lib/gcc/arm-none-eabi/12.3.1/../../../../arm-none-eabi/lib/thumb/v7e-m+fp/hard/libcr_nohost_nf.a(__sys_write.o)

.debug_abbrev   0x00000000     0x4eb2
 .debug_abbrev  0x00000000      0x17a ./startup/startup_mk64f12.o
 .debug_abbrev  0x0000017a       0xd7 ./source/ImageDisplay.o
 .debug_abbrev  0x00000251      0x258 ./source/LCD_nokia.o
 .debug_abbrev  0x000004a9       0x8b ./source/LCD_nokia_images.o
 .debug_abbrev  0x00000534      0x294 ./source/Memory.o
 .debug_abbrev  0x000007c8      0x1be ./source/NVIC.o
 .debug_abbrev  0x00000986      0x305 ./source/PIT.o
 .debug_abbrev  0x00000c8b      0x230 ./source/SPI.o
 .debug_abbrev  0x00000ebb       0xdf ./source/main.o
 .debug_abbrev  0x00000f9a      0x378 ./drivers/fsl_clock.o
 .debug_abbrev  0x00001312      0x3b0 ./drivers/fsl_dspi.o
 .debug_abbrev  0x000016c2      0x3fa ./drivers/fsl_edma.o
 .debug_abbrev  0x00001abc      0x428 ./drivers/fsl_enet.o
 .debug_abbrev  0x00001ee4      0x320 ./drivers/fsl_flexcan.o
 .debug_abbrev  0x00002204      0x1a5 ./drivers/fsl_gpio.o
 .debug_abbrev  0x000023a9      0x392 ./drivers/fsl_i2c.o
 .debug_abbrev  0x0000273b      0x20a ./drivers/fsl_pit.o
 .debug_abbrev  0x00002945      0x306 ./drivers/fsl_sai.o
 .debug_abbrev  0x00002c4b      0x328 ./drivers/fsl_sdhc.o
 .debug_abbrev  0x00002f73      0x45d ./drivers/fsl_uart.o
 .debug_abbrev  0x000033d0      0x148 ./device/system_MK64F12.o
 .debug_abbrev  0x00003518       0x70 /Applications/MCUXpressoIDE_11.9.0_2144/ide/plugins/com.nxp.mcuxpresso.tools.macosx_11.9.0.202307121226/tools/bin/../lib/gcc/arm-none-eabi/12.3.1/../../../../arm-none-eabi/lib/thumb/v7e-m+fp/hard/libcr_nohost_nf.a(_cr__main.o)
 .debug_abbrev  0x00003588      0x12f /Applications/MCUXpressoIDE_11.9.0_2144/ide/plugins/com.nxp.mcuxpresso.tools.macosx_11.9.0.202307121226/tools/bin/../lib/gcc/arm-none-eabi/12.3.1/../../../../arm-none-eabi/lib/thumb/v7e-m+fp/hard/libcr_nohost_nf.a(_cr_assert.o)
 .debug_abbrev  0x000036b7       0xb5 /Applications/MCUXpressoIDE_11.9.0_2144/ide/plugins/com.nxp.mcuxpresso.tools.macosx_11.9.0.202307121226/tools/bin/../lib/gcc/arm-none-eabi/12.3.1/../../../../arm-none-eabi/lib/thumb/v7e-m+fp/hard/libcr_nohost_nf.a(__ciob.o)
 .debug_abbrev  0x0000376c       0x2e /Applications/MCUXpressoIDE_11.9.0_2144/ide/plugins/com.nxp.mcuxpresso.tools.macosx_11.9.0.202307121226/tools/bin/../lib/gcc/arm-none-eabi/12.3.1/../../../../arm-none-eabi/lib/thumb/v7e-m+fp/hard/libcr_nohost_nf.a(__sys_appexit.o)
 .debug_abbrev  0x0000379a       0xa8 /Applications/MCUXpressoIDE_11.9.0_2144/ide/plugins/com.nxp.mcuxpresso.tools.macosx_11.9.0.202307121226/tools/bin/../lib/gcc/arm-none-eabi/12.3.1/../../../../arm-none-eabi/lib/thumb/v7e-m+fp/hard/libcr_c.a(memset.o)
 .debug_abbrev  0x00003842      0x152 /Applications/MCUXpressoIDE_11.9.0_2144/ide/plugins/com.nxp.mcuxpresso.tools.macosx_11.9.0.202307121226/tools/bin/../lib/gcc/arm-none-eabi/12.3.1/../../../../arm-none-eabi/lib/thumb/v7e-m+fp/hard/libcr_c.a(_deferredlazyseek.o)
 .debug_abbrev  0x00003994       0xf1 /Applications/MCUXpressoIDE_11.9.0_2144/ide/plugins/com.nxp.mcuxpresso.tools.macosx_11.9.0.202307121226/tools/bin/../lib/gcc/arm-none-eabi/12.3.1/../../../../arm-none-eabi/lib/thumb/v7e-m+fp/hard/libcr_c.a(_fflush.o)
 .debug_abbrev  0x00003a85      0x126 /Applications/MCUXpressoIDE_11.9.0_2144/ide/plugins/com.nxp.mcuxpresso.tools.macosx_11.9.0.202307121226/tools/bin/../lib/gcc/arm-none-eabi/12.3.1/../../../../arm-none-eabi/lib/thumb/v7e-m+fp/hard/libcr_c.a(_writebuf.o)
 .debug_abbrev  0x00003bab      0x284 /Applications/MCUXpressoIDE_11.9.0_2144/ide/plugins/com.nxp.mcuxpresso.tools.macosx_11.9.0.202307121226/tools/bin/../lib/gcc/arm-none-eabi/12.3.1/../../../../arm-none-eabi/lib/thumb/v7e-m+fp/hard/libcr_c.a(alloc.o)
 .debug_abbrev  0x00003e2f       0x44 /Applications/MCUXpressoIDE_11.9.0_2144/ide/plugins/com.nxp.mcuxpresso.tools.macosx_11.9.0.202307121226/tools/bin/../lib/gcc/arm-none-eabi/12.3.1/../../../../arm-none-eabi/lib/thumb/v7e-m+fp/hard/libcr_c.a(errno.o)
 .debug_abbrev  0x00003e73      0x10c /Applications/MCUXpressoIDE_11.9.0_2144/ide/plugins/com.nxp.mcuxpresso.tools.macosx_11.9.0.202307121226/tools/bin/../lib/gcc/arm-none-eabi/12.3.1/../../../../arm-none-eabi/lib/thumb/v7e-m+fp/hard/libcr_c.a(fputs.o)
 .debug_abbrev  0x00003f7f      0x11b /Applications/MCUXpressoIDE_11.9.0_2144/ide/plugins/com.nxp.mcuxpresso.tools.macosx_11.9.0.202307121226/tools/bin/../lib/gcc/arm-none-eabi/12.3.1/../../../../arm-none-eabi/lib/thumb/v7e-m+fp/hard/libcr_c.a(fseek.o)
 .debug_abbrev  0x0000409a       0xc2 /Applications/MCUXpressoIDE_11.9.0_2144/ide/plugins/com.nxp.mcuxpresso.tools.macosx_11.9.0.202307121226/tools/bin/../lib/gcc/arm-none-eabi/12.3.1/../../../../arm-none-eabi/lib/thumb/v7e-m+fp/hard/libcr_c.a(ftell.o)
 .debug_abbrev  0x0000415c      0x169 /Applications/MCUXpressoIDE_11.9.0_2144/ide/plugins/com.nxp.mcuxpresso.tools.macosx_11.9.0.202307121226/tools/bin/../lib/gcc/arm-none-eabi/12.3.1/../../../../arm-none-eabi/lib/thumb/v7e-m+fp/hard/libcr_c.a(initio.o)
 .debug_abbrev  0x000042c5       0xe1 /Applications/MCUXpressoIDE_11.9.0_2144/ide/plugins/com.nxp.mcuxpresso.tools.macosx_11.9.0.202307121226/tools/bin/../lib/gcc/arm-none-eabi/12.3.1/../../../../arm-none-eabi/lib/thumb/v7e-m+fp/hard/libcr_c.a(setvbuf.o)
 .debug_abbrev  0x000043a6       0xa7 /Applications/MCUXpressoIDE_11.9.0_2144/ide/plugins/com.nxp.mcuxpresso.tools.macosx_11.9.0.202307121226/tools/bin/../lib/gcc/arm-none-eabi/12.3.1/../../../../arm-none-eabi/lib/thumb/v7e-m+fp/hard/libcr_c.a(strlen.o)
 .debug_abbrev  0x0000444d       0xaf /Applications/MCUXpressoIDE_11.9.0_2144/ide/plugins/com.nxp.mcuxpresso.tools.macosx_11.9.0.202307121226/tools/bin/../lib/gcc/arm-none-eabi/12.3.1/../../../../arm-none-eabi/lib/thumb/v7e-m+fp/hard/libcr_c.a(__init_alloc.o)
 .debug_abbrev  0x000044fc       0xd3 /Applications/MCUXpressoIDE_11.9.0_2144/ide/plugins/com.nxp.mcuxpresso.tools.macosx_11.9.0.202307121226/tools/bin/../lib/gcc/arm-none-eabi/12.3.1/../../../../arm-none-eabi/lib/thumb/v7e-m+fp/hard/libcr_c.a(_cr_sbrk.o)
 .debug_abbrev  0x000045cf      0x119 /Applications/MCUXpressoIDE_11.9.0_2144/ide/plugins/com.nxp.mcuxpresso.tools.macosx_11.9.0.202307121226/tools/bin/../lib/gcc/arm-none-eabi/12.3.1/../../../../arm-none-eabi/lib/thumb/v7e-m+fp/hard/libcr_c.a(_fdopen.o)
 .debug_abbrev  0x000046e8      0x155 /Applications/MCUXpressoIDE_11.9.0_2144/ide/plugins/com.nxp.mcuxpresso.tools.macosx_11.9.0.202307121226/tools/bin/../lib/gcc/arm-none-eabi/12.3.1/../../../../arm-none-eabi/lib/thumb/v7e-m+fp/hard/libcr_c.a(fclose.o)
 .debug_abbrev  0x0000483d      0x125 /Applications/MCUXpressoIDE_11.9.0_2144/ide/plugins/com.nxp.mcuxpresso.tools.macosx_11.9.0.202307121226/tools/bin/../lib/gcc/arm-none-eabi/12.3.1/../../../../arm-none-eabi/lib/thumb/v7e-m+fp/hard/libcr_c.a(fflush.o)
 .debug_abbrev  0x00004962       0xfb /Applications/MCUXpressoIDE_11.9.0_2144/ide/plugins/com.nxp.mcuxpresso.tools.macosx_11.9.0.202307121226/tools/bin/../lib/gcc/arm-none-eabi/12.3.1/../../../../arm-none-eabi/lib/thumb/v7e-m+fp/hard/libcr_c.a(remove.o)
 .debug_abbrev  0x00004a5d       0x6b /Applications/MCUXpressoIDE_11.9.0_2144/ide/plugins/com.nxp.mcuxpresso.tools.macosx_11.9.0.202307121226/tools/bin/../lib/gcc/arm-none-eabi/12.3.1/../../../../arm-none-eabi/lib/thumb/v7e-m+fp/hard/libcr_c.a(_cr_check_heap.o)
 .debug_abbrev  0x00004ac8      0x12c /Applications/MCUXpressoIDE_11.9.0_2144/ide/plugins/com.nxp.mcuxpresso.tools.macosx_11.9.0.202307121226/tools/bin/../lib/gcc/arm-none-eabi/12.3.1/../../../../arm-none-eabi/lib/thumb/v7e-m+fp/hard/libcr_c.a(_do_fflush.o)
 .debug_abbrev  0x00004bf4       0x51 /Applications/MCUXpressoIDE_11.9.0_2144/ide/plugins/com.nxp.mcuxpresso.tools.macosx_11.9.0.202307121226/tools/bin/../lib/gcc/arm-none-eabi/12.3.1/../../../../arm-none-eabi/lib/thumb/v7e-m+fp/hard/libcr_nohost_nf.a(__sys_close.o)
 .debug_abbrev  0x00004c45       0x51 /Applications/MCUXpressoIDE_11.9.0_2144/ide/plugins/com.nxp.mcuxpresso.tools.macosx_11.9.0.202307121226/tools/bin/../lib/gcc/arm-none-eabi/12.3.1/../../../../arm-none-eabi/lib/thumb/v7e-m+fp/hard/libcr_nohost_nf.a(__sys_flen.o)
 .debug_abbrev  0x00004c96       0x51 /Applications/MCUXpressoIDE_11.9.0_2144/ide/plugins/com.nxp.mcuxpresso.tools.macosx_11.9.0.202307121226/tools/bin/../lib/gcc/arm-none-eabi/12.3.1/../../../../arm-none-eabi/lib/thumb/v7e-m+fp/hard/libcr_nohost_nf.a(__sys_istty.o)
 .debug_abbrev  0x00004ce7       0x7d /Applications/MCUXpressoIDE_11.9.0_2144/ide/plugins/com.nxp.mcuxpresso.tools.macosx_11.9.0.202307121226/tools/bin/../lib/gcc/arm-none-eabi/12.3.1/../../../../arm-none-eabi/lib/thumb/v7e-m+fp/hard/libcr_nohost_nf.a(__sys_remove.o)
 .debug_abbrev  0x00004d64       0x62 /Applications/MCUXpressoIDE_11.9.0_2144/ide/plugins/com.nxp.mcuxpresso.tools.macosx_11.9.0.202307121226/tools/bin/../lib/gcc/arm-none-eabi/12.3.1/../../../../arm-none-eabi/lib/thumb/v7e-m+fp/hard/libcr_nohost_nf.a(__sys_seek.o)
 .debug_abbrev  0x00004dc6       0x76 /Applications/MCUXpressoIDE_11.9.0_2144/ide/plugins/com.nxp.mcuxpresso.tools.macosx_11.9.0.202307121226/tools/bin/../lib/gcc/arm-none-eabi/12.3.1/../../../../arm-none-eabi/lib/thumb/v7e-m+fp/hard/libcr_nohost_nf.a(__sys_tmpnam.o)
 .debug_abbrev  0x00004e3c       0x76 /Applications/MCUXpressoIDE_11.9.0_2144/ide/plugins/com.nxp.mcuxpresso.tools.macosx_11.9.0.202307121226/tools/bin/../lib/gcc/arm-none-eabi/12.3.1/../../../../arm-none-eabi/lib/thumb/v7e-m+fp/hard/libcr_nohost_nf.a(__sys_write.o)

.debug_loc      0x00000000     0x1751
 .debug_loc     0x00000000      0x1e7 ./startup/startup_mk64f12.o
 .debug_loc     0x000001e7       0x3f /Applications/MCUXpressoIDE_11.9.0_2144/ide/plugins/com.nxp.mcuxpresso.tools.macosx_11.9.0.202307121226/tools/bin/../lib/gcc/arm-none-eabi/12.3.1/../../../../arm-none-eabi/lib/thumb/v7e-m+fp/hard/libcr_nohost_nf.a(_cr_assert.o)
 .debug_loc     0x00000226       0x6f /Applications/MCUXpressoIDE_11.9.0_2144/ide/plugins/com.nxp.mcuxpresso.tools.macosx_11.9.0.202307121226/tools/bin/../lib/gcc/arm-none-eabi/12.3.1/../../../../arm-none-eabi/lib/thumb/v7e-m+fp/hard/libcr_c.a(memset.o)
 .debug_loc     0x00000295      0x1aa /Applications/MCUXpressoIDE_11.9.0_2144/ide/plugins/com.nxp.mcuxpresso.tools.macosx_11.9.0.202307121226/tools/bin/../lib/gcc/arm-none-eabi/12.3.1/../../../../arm-none-eabi/lib/thumb/v7e-m+fp/hard/libcr_c.a(_deferredlazyseek.o)
 .debug_loc     0x0000043f       0xfa /Applications/MCUXpressoIDE_11.9.0_2144/ide/plugins/com.nxp.mcuxpresso.tools.macosx_11.9.0.202307121226/tools/bin/../lib/gcc/arm-none-eabi/12.3.1/../../../../arm-none-eabi/lib/thumb/v7e-m+fp/hard/libcr_c.a(_fflush.o)
 .debug_loc     0x00000539      0x113 /Applications/MCUXpressoIDE_11.9.0_2144/ide/plugins/com.nxp.mcuxpresso.tools.macosx_11.9.0.202307121226/tools/bin/../lib/gcc/arm-none-eabi/12.3.1/../../../../arm-none-eabi/lib/thumb/v7e-m+fp/hard/libcr_c.a(_writebuf.o)
 .debug_loc     0x0000064c      0x7b2 /Applications/MCUXpressoIDE_11.9.0_2144/ide/plugins/com.nxp.mcuxpresso.tools.macosx_11.9.0.202307121226/tools/bin/../lib/gcc/arm-none-eabi/12.3.1/../../../../arm-none-eabi/lib/thumb/v7e-m+fp/hard/libcr_c.a(alloc.o)
 .debug_loc     0x00000dfe       0x75 /Applications/MCUXpressoIDE_11.9.0_2144/ide/plugins/com.nxp.mcuxpresso.tools.macosx_11.9.0.202307121226/tools/bin/../lib/gcc/arm-none-eabi/12.3.1/../../../../arm-none-eabi/lib/thumb/v7e-m+fp/hard/libcr_c.a(fputs.o)
 .debug_loc     0x00000e73       0xfb /Applications/MCUXpressoIDE_11.9.0_2144/ide/plugins/com.nxp.mcuxpresso.tools.macosx_11.9.0.202307121226/tools/bin/../lib/gcc/arm-none-eabi/12.3.1/../../../../arm-none-eabi/lib/thumb/v7e-m+fp/hard/libcr_c.a(fseek.o)
 .debug_loc     0x00000f6e       0x99 /Applications/MCUXpressoIDE_11.9.0_2144/ide/plugins/com.nxp.mcuxpresso.tools.macosx_11.9.0.202307121226/tools/bin/../lib/gcc/arm-none-eabi/12.3.1/../../../../arm-none-eabi/lib/thumb/v7e-m+fp/hard/libcr_c.a(ftell.o)
 .debug_loc     0x00001007       0x68 /Applications/MCUXpressoIDE_11.9.0_2144/ide/plugins/com.nxp.mcuxpresso.tools.macosx_11.9.0.202307121226/tools/bin/../lib/gcc/arm-none-eabi/12.3.1/../../../../arm-none-eabi/lib/thumb/v7e-m+fp/hard/libcr_c.a(initio.o)
 .debug_loc     0x0000106f       0xf6 /Applications/MCUXpressoIDE_11.9.0_2144/ide/plugins/com.nxp.mcuxpresso.tools.macosx_11.9.0.202307121226/tools/bin/../lib/gcc/arm-none-eabi/12.3.1/../../../../arm-none-eabi/lib/thumb/v7e-m+fp/hard/libcr_c.a(setvbuf.o)
 .debug_loc     0x00001165       0xdb /Applications/MCUXpressoIDE_11.9.0_2144/ide/plugins/com.nxp.mcuxpresso.tools.macosx_11.9.0.202307121226/tools/bin/../lib/gcc/arm-none-eabi/12.3.1/../../../../arm-none-eabi/lib/thumb/v7e-m+fp/hard/libcr_c.a(strlen.o)
 .debug_loc     0x00001240       0x5c /Applications/MCUXpressoIDE_11.9.0_2144/ide/plugins/com.nxp.mcuxpresso.tools.macosx_11.9.0.202307121226/tools/bin/../lib/gcc/arm-none-eabi/12.3.1/../../../../arm-none-eabi/lib/thumb/v7e-m+fp/hard/libcr_c.a(_cr_sbrk.o)
 .debug_loc     0x0000129c      0x121 /Applications/MCUXpressoIDE_11.9.0_2144/ide/plugins/com.nxp.mcuxpresso.tools.macosx_11.9.0.202307121226/tools/bin/../lib/gcc/arm-none-eabi/12.3.1/../../../../arm-none-eabi/lib/thumb/v7e-m+fp/hard/libcr_c.a(_fdopen.o)
 .debug_loc     0x000013bd       0x73 /Applications/MCUXpressoIDE_11.9.0_2144/ide/plugins/com.nxp.mcuxpresso.tools.macosx_11.9.0.202307121226/tools/bin/../lib/gcc/arm-none-eabi/12.3.1/../../../../arm-none-eabi/lib/thumb/v7e-m+fp/hard/libcr_c.a(fclose.o)
 .debug_loc     0x00001430       0xa2 /Applications/MCUXpressoIDE_11.9.0_2144/ide/plugins/com.nxp.mcuxpresso.tools.macosx_11.9.0.202307121226/tools/bin/../lib/gcc/arm-none-eabi/12.3.1/../../../../arm-none-eabi/lib/thumb/v7e-m+fp/hard/libcr_c.a(fflush.o)
 .debug_loc     0x000014d2       0xc7 /Applications/MCUXpressoIDE_11.9.0_2144/ide/plugins/com.nxp.mcuxpresso.tools.macosx_11.9.0.202307121226/tools/bin/../lib/gcc/arm-none-eabi/12.3.1/../../../../arm-none-eabi/lib/thumb/v7e-m+fp/hard/libcr_c.a(remove.o)
 .debug_loc     0x00001599       0x42 /Applications/MCUXpressoIDE_11.9.0_2144/ide/plugins/com.nxp.mcuxpresso.tools.macosx_11.9.0.202307121226/tools/bin/../lib/gcc/arm-none-eabi/12.3.1/../../../../arm-none-eabi/lib/thumb/v7e-m+fp/hard/libcr_c.a(_cr_check_heap.o)
 .debug_loc     0x000015db       0x73 /Applications/MCUXpressoIDE_11.9.0_2144/ide/plugins/com.nxp.mcuxpresso.tools.macosx_11.9.0.202307121226/tools/bin/../lib/gcc/arm-none-eabi/12.3.1/../../../../arm-none-eabi/lib/thumb/v7e-m+fp/hard/libcr_c.a(_do_fflush.o)
 .debug_loc     0x0000164e       0x25 /Applications/MCUXpressoIDE_11.9.0_2144/ide/plugins/com.nxp.mcuxpresso.tools.macosx_11.9.0.202307121226/tools/bin/../lib/gcc/arm-none-eabi/12.3.1/../../../../arm-none-eabi/lib/thumb/v7e-m+fp/hard/libcr_nohost_nf.a(__sys_close.o)
 .debug_loc     0x00001673       0x25 /Applications/MCUXpressoIDE_11.9.0_2144/ide/plugins/com.nxp.mcuxpresso.tools.macosx_11.9.0.202307121226/tools/bin/../lib/gcc/arm-none-eabi/12.3.1/../../../../arm-none-eabi/lib/thumb/v7e-m+fp/hard/libcr_nohost_nf.a(__sys_flen.o)
 .debug_loc     0x00001698       0x25 /Applications/MCUXpressoIDE_11.9.0_2144/ide/plugins/com.nxp.mcuxpresso.tools.macosx_11.9.0.202307121226/tools/bin/../lib/gcc/arm-none-eabi/12.3.1/../../../../arm-none-eabi/lib/thumb/v7e-m+fp/hard/libcr_nohost_nf.a(__sys_istty.o)
 .debug_loc     0x000016bd       0x25 /Applications/MCUXpressoIDE_11.9.0_2144/ide/plugins/com.nxp.mcuxpresso.tools.macosx_11.9.0.202307121226/tools/bin/../lib/gcc/arm-none-eabi/12.3.1/../../../../arm-none-eabi/lib/thumb/v7e-m+fp/hard/libcr_nohost_nf.a(__sys_remove.o)
 .debug_loc     0x000016e2       0x25 /Applications/MCUXpressoIDE_11.9.0_2144/ide/plugins/com.nxp.mcuxpresso.tools.macosx_11.9.0.202307121226/tools/bin/../lib/gcc/arm-none-eabi/12.3.1/../../../../arm-none-eabi/lib/thumb/v7e-m+fp/hard/libcr_nohost_nf.a(__sys_seek.o)
 .debug_loc     0x00001707       0x25 /Applications/MCUXpressoIDE_11.9.0_2144/ide/plugins/com.nxp.mcuxpresso.tools.macosx_11.9.0.202307121226/tools/bin/../lib/gcc/arm-none-eabi/12.3.1/../../../../arm-none-eabi/lib/thumb/v7e-m+fp/hard/libcr_nohost_nf.a(__sys_tmpnam.o)