/Users/miguelvladimirvargassanchez/Documents/MCUXpressoIDE_11.9.0_2144/PDS/NOKIA/NOKIA_nk/CMSIS/core_cm4.h:1679:22:__NVIC_EnableIRQ	16	static
/Users/miguelvladimirvargassanchez/Documents/MCUXpressoIDE_11.9.0_2144/PDS/NOKIA/NOKIA_nk/drivers/fsl_clock.h:889:20:CLOCK_SetSimSafeDivs	4	static
/Users/miguelvladimirvargassanchez/Documents/MCUXpressoIDE_11.9.0_2144/PDS/NOKIA/NOKIA_nk/drivers/fsl_common_arm.h:499:24:EnableIRQ	24	static
/Users/miguelvladimirvargassanchez/Documents/MCUXpressoIDE_11.9.0_2144/PDS/NOKIA/NOKIA_nk/drivers/fsl_pit.h:105:20:PIT_GetDefaultConfig	16	static
/Users/miguelvladimirvargassanchez/Documents/MCUXpressoIDE_11.9.0_2144/PDS/NOKIA/NOKIA_nk/drivers/fsl_pit.h:159:20:PIT_EnableInterrupts	24	static
/Users/miguelvladimirvargassanchez/Documents/MCUXpressoIDE_11.9.0_2144/PDS/NOKIA/NOKIA_nk/drivers/fsl_pit.h:220:20:PIT_ClearStatusFlags	24	static
/Users/miguelvladimirvargassanchez/Documents/MCUXpressoIDE_11.9.0_2144/PDS/NOKIA/NOKIA_nk/drivers/fsl_pit.h:246:20:PIT_SetTimerPeriod	24	static
/Users/miguelvladimirvargassanchez/Documents/MCUXpressoIDE_11.9.0_2144/PDS/NOKIA/NOKIA_nk/drivers/fsl_pit.h:288:20:PIT_StartTimer	16	static
/Users/miguelvladimirvargassanchez/Documents/MCUXpressoIDE_11.9.0_2144/PDS/NOKIA/NOKIA_nk/drivers/fsl_pit.h:302:20:PIT_StopTimer	16	static
../source/PIT.c:18:6:PIT_callback_init	16	static
../source/PIT.c:43:6:PIT0_IRQHandler	8	static
../source/PIT.c:52:6:PIT0_init	32	static
../source/PIT.c:65:6:PIT0_stop	8	static
